Running engines ['orca'] on 39 molecules, nuclei ['13C', '1H'] ...
Loaded 8 existing result group(s) from C:\Projects\NMR-Predict\backend\benchmarks\reports\benchmark_20260525_full_ladder.csv
Expanding ORCA to ladder levels [7:r2SCAN/pcSseg-1, 8:TPSSh/pcSseg-1, 9:PBE0/pcSseg-1, 10:wB97X-D3/pcSseg-1, 11:wB97X-D3/def2-TZVP]

[14:38:14] == Level 7 (1/5): r2SCAN/pcSseg-1 (rel. speed: ~1-10 min) ==
[14:38:14]    TMS reference warm: 0.0s
[14:38:14] orca: 77 (molecule, nucleus) run(s) to do
[14:38:14] [1/77] orca | methane 13C | predicting ...
[14:38:17] [1/77] orca | methane 13C | OK in 2.3s - MAE 0.65 max 0.65 ppm (n=1)
[14:38:17] [2/77] orca | methane 1H | predicting ...
[14:38:19] [2/77] orca | methane 1H | OK in 2.3s - MAE 0.13 max 0.13 ppm (n=1)
[14:38:19] [3/77] orca | ethane 13C | predicting ...
[14:38:23] [3/77] orca | ethane 13C | OK in 3.7s - MAE 6.25 max 6.25 ppm (n=1)
[14:38:23] [4/77] orca | ethane 1H | predicting ...
[14:38:26] [4/77] orca | ethane 1H | OK in 3.6s - MAE 0.16 max 0.16 ppm (n=1)
[14:38:26] [5/77] orca | cyclohexane 13C | predicting ...
[14:38:34] [5/77] orca | cyclohexane 13C | OK in 8.0s - MAE 4.02 max 4.02 ppm (n=1)
[14:38:34] [6/77] orca | cyclohexane 1H | predicting ...
[14:38:42] [6/77] orca | cyclohexane 1H | OK in 8.0s - MAE 0.01 max 0.01 ppm (n=1)
[14:38:42] [7/77] orca | ethanol 13C | predicting ...
[14:38:46] [7/77] orca | ethanol 13C | OK in 4.2s - MAE 4.40 max 7.43 ppm (n=2)
[14:38:46] [8/77] orca | ethanol 1H | predicting ...
[14:38:51] [8/77] orca | ethanol 1H | OK in 4.2s - MAE 0.79 max 1.94 ppm (n=3)
[14:38:51] [9/77] orca | isopropanol 13C | predicting ...
[14:38:56] [9/77] orca | isopropanol 13C | OK in 5.1s - MAE 4.78 max 6.92 ppm (n=2)
[14:38:56] [10/77] orca | isopropanol 1H | predicting ...
[14:39:01] [10/77] orca | isopropanol 1H | OK in 5.0s - MAE 0.58 max 1.59 ppm (n=3)
[14:39:01] [11/77] orca | tert_butanol 13C | predicting ...
[14:39:07] [11/77] orca | tert_butanol 13C | OK in 6.6s - MAE 3.73 max 4.82 ppm (n=2)
[14:39:07] [12/77] orca | tert_butanol 1H | predicting ...
[14:39:14] [12/77] orca | tert_butanol 1H | OK in 6.6s - MAE 1.00 max 1.91 ppm (n=2)
[14:39:14] [13/77] orca | neopentane 13C | predicting ...
[14:39:21] [13/77] orca | neopentane 13C | OK in 6.9s - MAE 4.55 max 6.48 ppm (n=2)
[14:39:21] [14/77] orca | neopentane 1H | predicting ...
[14:39:28] [14/77] orca | neopentane 1H | OK in 6.9s - MAE 0.14 max 0.14 ppm (n=1)
[14:39:28] [15/77] orca | benzene 13C | predicting ...
[14:39:34] [15/77] orca | benzene 13C | OK in 5.9s - MAE 2.93 max 2.93 ppm (n=1)
[14:39:34] [16/77] orca | benzene 1H | predicting ...
[14:39:39] [16/77] orca | benzene 1H | OK in 5.8s - MAE 0.40 max 0.40 ppm (n=1)
[14:39:39] [17/77] orca | p_xylene 13C | predicting ...
[14:39:48] [17/77] orca | p_xylene 13C | OK in 8.5s - MAE 3.81 max 4.84 ppm (n=3)
[14:39:48] [18/77] orca | p_xylene 1H | predicting ...
[14:39:56] [18/77] orca | p_xylene 1H | OK in 8.4s - MAE 0.28 max 0.38 ppm (n=2)
[14:39:56] [19/77] orca | mesitylene 13C | predicting ...
[14:40:05] [19/77] orca | mesitylene 13C | OK in 9.1s - MAE 4.25 max 4.86 ppm (n=3)
[14:40:05] [20/77] orca | mesitylene 1H | predicting ...
[14:40:14] [20/77] orca | mesitylene 1H | OK in 9.1s - MAE 0.28 max 0.33 ppm (n=2)
[14:40:14] [21/77] orca | pyridine 13C | predicting ...
[14:40:20] [21/77] orca | pyridine 13C | OK in 5.8s - MAE 2.51 max 6.08 ppm (n=3)
[14:40:20] [22/77] orca | pyridine 1H | predicting ...
[14:40:26] [22/77] orca | pyridine 1H | OK in 5.8s - MAE 0.23 max 0.44 ppm (n=3)
[14:40:26] [23/77] orca | naphthalene 13C | predicting ...
[14:40:36] [23/77] orca | naphthalene 13C | OK in 9.5s - MAE 4.06 max 4.38 ppm (n=3)
[14:40:36] [24/77] orca | naphthalene 1H | predicting ...
[14:40:45] [24/77] orca | naphthalene 1H | OK in 9.7s - MAE 0.43 max 0.48 ppm (n=2)
[14:40:45] [25/77] orca | acetone 13C | predicting ...
[14:40:50] [25/77] orca | acetone 13C | OK in 4.9s - MAE 3.32 max 4.68 ppm (n=2)
[14:40:50] [26/77] orca | acetone 1H | predicting ...
[14:40:55] [26/77] orca | acetone 1H | OK in 4.8s - MAE 0.04 max 0.04 ppm (n=1)
[14:40:55] [27/77] orca | acetaldehyde 13C | predicting ...
[14:40:59] [27/77] orca | acetaldehyde 13C | OK in 3.6s - MAE 5.45 max 6.05 ppm (n=2)
[14:40:59] [28/77] orca | acetaldehyde 1H | predicting ...
[14:41:02] [28/77] orca | acetaldehyde 1H | OK in 3.6s - MAE 0.23 max 0.42 ppm (n=2)
[14:41:02] [29/77] orca | ethyl_acetate 13C | predicting ...
[14:41:09] [29/77] orca | ethyl_acetate 13C | OK in 6.6s - MAE 4.89 max 6.79 ppm (n=4)
[14:41:09] [30/77] orca | ethyl_acetate 1H | predicting ...
[14:41:16] [30/77] orca | ethyl_acetate 1H | OK in 6.6s - MAE 0.09 max 0.11 ppm (n=3)
[14:41:16] [31/77] orca | benzaldehyde 13C | predicting ...
[14:41:23] [31/77] orca | benzaldehyde 13C | OK in 7.6s - MAE 3.15 max 3.15 ppm (n=1)
[14:41:23] [32/77] orca | benzaldehyde 1H | predicting ...
[14:41:31] [32/77] orca | benzaldehyde 1H | OK in 7.6s - MAE 0.29 max 0.29 ppm (n=1)
[14:41:31] [33/77] orca | dmf 13C | predicting ...
[14:41:37] [33/77] orca | dmf 13C | OK in 6.3s - MAE 0.21 max 0.21 ppm (n=1)
[14:41:37] [34/77] orca | dmf 1H | predicting ...
[14:41:43] [34/77] orca | dmf 1H | OK in 6.3s - MAE 0.04 max 0.04 ppm (n=1)
[14:41:43] [35/77] orca | acetic_acid 13C | predicting ...
[14:41:48] [35/77] orca | acetic_acid 13C | OK in 4.5s - MAE 1.71 max 3.15 ppm (n=2)
[14:41:48] [36/77] orca | acetic_acid 1H | predicting ...
[14:41:52] [36/77] orca | acetic_acid 1H | OK in 4.3s - MAE 2.55 max 5.01 ppm (n=2)
[14:41:52] [37/77] orca | formic_acid 13C | predicting ...
[14:41:55] [37/77] orca | formic_acid 13C | OK in 3.3s - MAE 0.93 max 0.93 ppm (n=1)
[14:41:55] [38/77] orca | formic_acid 1H | predicting ...
[14:41:59] [38/77] orca | formic_acid 1H | OK in 3.2s - MAE 2.17 max 4.29 ppm (n=2)
[14:41:59] [39/77] orca | benzoic_acid 13C | predicting ...
[14:42:07] [39/77] orca | benzoic_acid 13C | OK in 7.9s - MAE 3.83 max 3.83 ppm (n=1)
[14:42:07] [40/77] orca | benzoic_acid 1H | predicting ...
[14:42:14] [40/77] orca | benzoic_acid 1H | OK in 7.9s - MAE 5.41 max 5.41 ppm (n=1)
[14:42:14] [41/77] orca | chloroform 13C | predicting ...
[14:42:18] [41/77] orca | chloroform 13C | OK in 3.7s - MAE 33.75 max 33.75 ppm (n=1)
[14:42:18] [42/77] orca | chloroform 1H | predicting ...
[14:42:22] [42/77] orca | chloroform 1H | OK in 3.6s - MAE 0.59 max 0.59 ppm (n=1)
[14:42:22] [43/77] orca | dichloromethane 13C | predicting ...
[14:42:25] [43/77] orca | dichloromethane 13C | OK in 2.9s - MAE 19.22 max 19.22 ppm (n=1)
[14:42:25] [44/77] orca | dichloromethane 1H | predicting ...
[14:42:28] [44/77] orca | dichloromethane 1H | OK in 2.9s - MAE 0.33 max 0.33 ppm (n=1)
[14:42:28] [45/77] orca | methanol 13C | predicting ...
[14:42:31] [45/77] orca | methanol 13C | OK in 3.3s - MAE 6.40 max 6.40 ppm (n=1)
[14:42:31] [46/77] orca | methanol 1H | predicting ...
[14:42:34] [46/77] orca | methanol 1H | OK in 3.2s - MAE 1.27 max 2.18 ppm (n=2)
[14:42:34] [47/77] orca | acetonitrile 13C | predicting ...
[14:42:37] [47/77] orca | acetonitrile 13C | OK in 3.4s - MAE 2.60 max 3.59 ppm (n=2)
[14:42:37] [48/77] orca | acetonitrile 1H | predicting ...
[14:42:41] [48/77] orca | acetonitrile 1H | OK in 3.3s - MAE 0.04 max 0.04 ppm (n=1)
[14:42:41] [49/77] orca | dmso 13C | predicting ...
[14:42:46] [49/77] orca | dmso 13C | OK in 5.2s - MAE 2.91 max 2.91 ppm (n=1)
[14:42:46] [50/77] orca | dmso 1H | predicting ...
[14:42:51] [50/77] orca | dmso 1H | OK in 5.2s - MAE 0.27 max 0.27 ppm (n=1)
[14:42:51] [51/77] orca | iodomethane 13C | predicting ...
[14:42:51] [51/77] orca | iodomethane 13C | ERROR in 0.1s - OrcaEngineError: ORCA job 'sample' failed with exit code 55.
[14:42:51] [52/77] orca | iodomethane 1H | predicting ...
[14:42:51] [52/77] orca | iodomethane 1H | ERROR in 0.1s - OrcaEngineError: ORCA job 'sample' failed with exit code 55.
[14:42:51] [53/77] orca | ethylene 13C | predicting ...
[14:42:55] [53/77] orca | ethylene 13C | OK in 3.1s - MAE 8.01 max 8.01 ppm (n=1)
[14:42:55] [54/77] orca | ethylene 1H | predicting ...
[14:42:58] [54/77] orca | ethylene 1H | OK in 3.1s - MAE 0.54 max 0.54 ppm (n=1)
[14:42:58] [55/77] orca | acetylene 13C | predicting ...
[14:43:00] [55/77] orca | acetylene 13C | OK in 2.4s - MAE 1.98 max 1.98 ppm (n=1)
[14:43:00] [56/77] orca | acetylene 1H | predicting ...
[14:43:02] [56/77] orca | acetylene 1H | OK in 2.1s - MAE 0.23 max 0.23 ppm (n=1)
[14:43:02] [57/77] orca | cyclopropane 13C | predicting ...
[14:43:07] [57/77] orca | cyclopropane 13C | OK in 4.7s - MAE 3.93 max 3.93 ppm (n=1)
[14:43:07] [58/77] orca | cyclopropane 1H | predicting ...
[14:43:11] [58/77] orca | cyclopropane 1H | OK in 4.6s - MAE 0.01 max 0.01 ppm (n=1)
[14:43:11] [59/77] orca | styrene 13C | predicting ...
[14:43:20] [59/77] orca | styrene 13C | OK in 8.4s - MAE 9.18 max 9.77 ppm (n=2)
[14:43:20] [60/77] orca | styrene 1H | predicting ...
[14:43:28] [60/77] orca | styrene 1H | OK in 8.5s - MAE 0.52 max 0.52 ppm (n=1)
[14:43:28] [61/77] orca | furan 13C | predicting ...
[14:43:33] [61/77] orca | furan 13C | OK in 4.8s - MAE 4.56 max 4.67 ppm (n=2)
[14:43:33] [62/77] orca | furan 1H | predicting ...
[14:43:38] [62/77] orca | furan 1H | OK in 4.7s - MAE 0.39 max 0.44 ppm (n=2)
[14:43:38] [63/77] orca | adamantane 13C | predicting ...
[14:43:51] [63/77] orca | adamantane 13C | OK in 13.2s - MAE 6.13 max 6.99 ppm (n=2)
[14:43:51] [64/77] orca | adamantane 1H | predicting ...
[14:44:04] [64/77] orca | adamantane 1H | OK in 13.2s - MAE 0.19 max 0.26 ppm (n=2)
[14:44:04] [65/77] orca | camphor 13C | predicting ...
[14:44:19] [65/77] orca | camphor 13C | OK in 14.3s - MAE 7.44 max 7.44 ppm (n=1)
[14:44:19] [66/77] orca | menthol 13C | predicting ...
[14:44:35] [66/77] orca | menthol 13C | OK in 16.6s - MAE 5.87 max 5.87 ppm (n=1)
[14:44:35] [67/77] orca | menthol 1H | predicting ...
[14:44:52] [67/77] orca | menthol 1H | OK in 16.8s - MAE 2.08 max 2.08 ppm (n=1)
[14:44:52] [68/77] orca | caffeine 13C | predicting ...
[14:45:06] [68/77] orca | caffeine 13C | OK in 14.1s - MAE 0.55 max 0.55 ppm (n=1)
[14:45:06] [69/77] orca | caffeine 1H | predicting ...
[14:45:20] [69/77] orca | caffeine 1H | OK in 14.0s - MAE 0.20 max 0.20 ppm (n=1)
[14:45:20] [70/77] orca | ibuprofen 13C | predicting ...
[14:45:45] [70/77] orca | ibuprofen 13C | OK in 24.9s - MAE 2.25 max 4.15 ppm (n=2)
[14:45:45] [71/77] orca | ibuprofen 1H | predicting ...
[14:46:10] [71/77] orca | ibuprofen 1H | OK in 25.4s - MAE 2.62 max 5.11 ppm (n=2)
[14:46:10] [72/77] orca | anthracene 13C | predicting ...
[14:46:23] [72/77] orca | anthracene 13C | OK in 13.2s - MAE 4.17 max 4.72 ppm (n=4)
[14:46:23] [73/77] orca | anthracene 1H | predicting ...
[14:46:37] [73/77] orca | anthracene 1H | OK in 13.3s - MAE 0.45 max 0.58 ppm (n=3)
[14:46:37] [74/77] orca | testosterone 13C | predicting ...
[14:47:17] [74/77] orca | testosterone 13C | OK in 40.5s - MAE 4.65 max 8.31 ppm (n=4)
[14:47:17] [75/77] orca | testosterone 1H | predicting ...
[14:47:58] [75/77] orca | testosterone 1H | OK in 40.8s - MAE 0.58 max 0.83 ppm (n=3)
[14:47:58] [76/77] orca | cholesterol 13C | predicting ...
[14:48:47] [76/77] orca | cholesterol 13C | OK in 49.3s - MAE 7.81 max 8.96 ppm (n=3)
[14:48:47] [77/77] orca | cholesterol 1H | predicting ...
[14:49:37] [77/77] orca | cholesterol 1H | OK in 49.6s - MAE 0.53 max 0.83 ppm (n=3)
[14:49:37] orca: done in 11m22.6s - 75 ok, 2 error, 0 skipped
[14:49:37] -- Level 7 done in 11m22.6s - 75 ok, 2 error --

[14:49:37] == Level 8 (2/5): TPSSh/pcSseg-1 (rel. speed: ~5-20 min) ==
[14:49:37]    TMS reference warm: 0.0s
[14:49:37] orca: 77 (molecule, nucleus) run(s) to do
[14:49:37] [1/77] orca | methane 13C | predicting ...
[14:49:40] [1/77] orca | methane 13C | OK in 2.7s - MAE 0.47 max 0.47 ppm (n=1)
[14:49:40] [2/77] orca | methane 1H | predicting ...
[14:49:42] [2/77] orca | methane 1H | OK in 2.5s - MAE 0.18 max 0.18 ppm (n=1)
[14:49:42] [3/77] orca | ethane 13C | predicting ...
[14:49:46] [3/77] orca | ethane 13C | OK in 4.2s - MAE 5.72 max 5.72 ppm (n=1)
[14:49:46] [4/77] orca | ethane 1H | predicting ...
[14:49:50] [4/77] orca | ethane 1H | OK in 4.2s - MAE 0.15 max 0.15 ppm (n=1)
[14:49:50] [5/77] orca | cyclohexane 13C | predicting ...
[14:50:01] [5/77] orca | cyclohexane 13C | OK in 10.4s - MAE 2.15 max 2.15 ppm (n=1)
[14:50:01] [6/77] orca | cyclohexane 1H | predicting ...
[14:50:11] [6/77] orca | cyclohexane 1H | OK in 10.5s - MAE 0.04 max 0.04 ppm (n=1)
[14:50:11] [7/77] orca | ethanol 13C | predicting ...
[14:50:17] [7/77] orca | ethanol 13C | OK in 5.3s - MAE 2.69 max 4.74 ppm (n=2)
[14:50:17] [8/77] orca | ethanol 1H | predicting ...
[14:50:22] [8/77] orca | ethanol 1H | OK in 5.3s - MAE 0.77 max 2.02 ppm (n=3)
[14:50:22] [9/77] orca | isopropanol 13C | predicting ...
[14:50:29] [9/77] orca | isopropanol 13C | OK in 6.9s - MAE 2.64 max 3.72 ppm (n=2)
[14:50:29] [10/77] orca | isopropanol 1H | predicting ...
[14:50:36] [10/77] orca | isopropanol 1H | OK in 6.8s - MAE 0.59 max 1.67 ppm (n=3)
[14:50:36] [11/77] orca | tert_butanol 13C | predicting ...
[14:50:44] [11/77] orca | tert_butanol 13C | OK in 8.7s - MAE 1.08 max 1.32 ppm (n=2)
[14:50:44] [12/77] orca | tert_butanol 1H | predicting ...
[14:50:53] [12/77] orca | tert_butanol 1H | OK in 8.7s - MAE 1.02 max 1.99 ppm (n=2)
[14:50:53] [13/77] orca | neopentane 13C | predicting ...
[14:51:03] [13/77] orca | neopentane 13C | OK in 9.5s - MAE 1.83 max 2.73 ppm (n=2)
[14:51:03] [14/77] orca | neopentane 1H | predicting ...
[14:51:12] [14/77] orca | neopentane 1H | OK in 9.6s - MAE 0.10 max 0.10 ppm (n=1)
[14:51:12] [15/77] orca | benzene 13C | predicting ...
[14:51:20] [15/77] orca | benzene 13C | OK in 7.9s - MAE 2.19 max 2.19 ppm (n=1)
[14:51:20] [16/77] orca | benzene 1H | predicting ...
[14:51:28] [16/77] orca | benzene 1H | OK in 7.9s - MAE 0.23 max 0.23 ppm (n=1)
[14:51:28] [17/77] orca | p_xylene 13C | predicting ...
[14:51:39] [17/77] orca | p_xylene 13C | OK in 10.7s - MAE 2.96 max 3.62 ppm (n=3)
[14:51:39] [18/77] orca | p_xylene 1H | predicting ...
[14:51:49] [18/77] orca | p_xylene 1H | OK in 10.7s - MAE 0.19 max 0.24 ppm (n=2)
[14:51:49] [19/77] orca | mesitylene 13C | predicting ...
[14:52:03] [19/77] orca | mesitylene 13C | OK in 13.4s - MAE 3.43 max 3.49 ppm (n=3)
[14:52:03] [20/77] orca | mesitylene 1H | predicting ...
[14:52:16] [20/77] orca | mesitylene 1H | OK in 13.3s - MAE 0.20 max 0.23 ppm (n=2)
[14:52:16] [21/77] orca | pyridine 13C | predicting ...
[14:52:24] [21/77] orca | pyridine 13C | OK in 8.0s - MAE 2.07 max 5.41 ppm (n=3)
[14:52:24] [22/77] orca | pyridine 1H | predicting ...
[14:52:32] [22/77] orca | pyridine 1H | OK in 8.0s - MAE 0.12 max 0.29 ppm (n=3)
[14:52:32] [23/77] orca | naphthalene 13C | predicting ...
[14:52:46] [23/77] orca | naphthalene 13C | OK in 14.1s - MAE 3.62 max 3.82 ppm (n=3)
[14:52:46] [24/77] orca | naphthalene 1H | predicting ...
[14:53:00] [24/77] orca | naphthalene 1H | OK in 13.8s - MAE 0.26 max 0.30 ppm (n=2)
[14:53:00] [25/77] orca | acetone 13C | predicting ...
[14:53:06] [25/77] orca | acetone 13C | OK in 6.4s - MAE 3.46 max 5.96 ppm (n=2)
[14:53:06] [26/77] orca | acetone 1H | predicting ...
[14:53:13] [26/77] orca | acetone 1H | OK in 6.3s - MAE 0.03 max 0.03 ppm (n=1)
[14:53:13] [27/77] orca | acetaldehyde 13C | predicting ...
[14:53:17] [27/77] orca | acetaldehyde 13C | OK in 4.7s - MAE 4.58 max 5.53 ppm (n=2)
[14:53:17] [28/77] orca | acetaldehyde 1H | predicting ...
[14:53:22] [28/77] orca | acetaldehyde 1H | OK in 4.6s - MAE 0.11 max 0.19 ppm (n=2)
[14:53:22] [29/77] orca | ethyl_acetate 13C | predicting ...
[14:53:31] [29/77] orca | ethyl_acetate 13C | OK in 8.7s - MAE 4.18 max 7.69 ppm (n=4)
[14:53:31] [30/77] orca | ethyl_acetate 1H | predicting ...
[14:53:39] [30/77] orca | ethyl_acetate 1H | OK in 8.8s - MAE 0.10 max 0.13 ppm (n=3)
[14:53:39] [31/77] orca | benzaldehyde 13C | predicting ...
[14:53:50] [31/77] orca | benzaldehyde 13C | OK in 10.5s - MAE 2.49 max 2.49 ppm (n=1)
[14:53:50] [32/77] orca | benzaldehyde 1H | predicting ...
[14:54:00] [32/77] orca | benzaldehyde 1H | OK in 10.5s - MAE 0.09 max 0.09 ppm (n=1)
[14:54:00] [33/77] orca | dmf 13C | predicting ...
[14:54:08] [33/77] orca | dmf 13C | OK in 7.8s - MAE 0.00 max 0.00 ppm (n=1)
[14:54:08] [34/77] orca | dmf 1H | predicting ...
[14:54:16] [34/77] orca | dmf 1H | OK in 7.7s - MAE 0.10 max 0.10 ppm (n=1)
[14:54:16] [35/77] orca | acetic_acid 13C | predicting ...
[14:54:21] [35/77] orca | acetic_acid 13C | OK in 5.4s - MAE 1.32 max 2.40 ppm (n=2)
[14:54:21] [36/77] orca | acetic_acid 1H | predicting ...
[14:54:27] [36/77] orca | acetic_acid 1H | OK in 5.3s - MAE 2.53 max 5.01 ppm (n=2)
[14:54:27] [37/77] orca | formic_acid 13C | predicting ...
[14:54:32] [37/77] orca | formic_acid 13C | OK in 5.0s - MAE 1.10 max 1.10 ppm (n=1)
[14:54:32] [38/77] orca | formic_acid 1H | predicting ...
[14:54:36] [38/77] orca | formic_acid 1H | OK in 4.7s - MAE 2.23 max 4.33 ppm (n=2)
[14:54:36] [39/77] orca | benzoic_acid 13C | predicting ...
[14:54:48] [39/77] orca | benzoic_acid 13C | OK in 11.5s - MAE 3.21 max 3.21 ppm (n=1)
[14:54:48] [40/77] orca | benzoic_acid 1H | predicting ...
[14:54:59] [40/77] orca | benzoic_acid 1H | OK in 11.5s - MAE 5.44 max 5.44 ppm (n=1)
[14:54:59] [41/77] orca | chloroform 13C | predicting ...
[14:55:04] [41/77] orca | chloroform 13C | OK in 4.6s - MAE 28.83 max 28.83 ppm (n=1)
[14:55:04] [42/77] orca | chloroform 1H | predicting ...
[14:55:08] [42/77] orca | chloroform 1H | OK in 4.4s - MAE 0.31 max 0.31 ppm (n=1)
[14:55:08] [43/77] orca | dichloromethane 13C | predicting ...
[14:55:12] [43/77] orca | dichloromethane 13C | OK in 3.7s - MAE 15.44 max 15.44 ppm (n=1)
[14:55:12] [44/77] orca | dichloromethane 1H | predicting ...
[14:55:16] [44/77] orca | dichloromethane 1H | OK in 3.7s - MAE 0.14 max 0.14 ppm (n=1)
[14:55:16] [45/77] orca | methanol 13C | predicting ...
[14:55:19] [45/77] orca | methanol 13C | OK in 3.7s - MAE 4.34 max 4.34 ppm (n=1)
[14:55:19] [46/77] orca | methanol 1H | predicting ...
[14:55:23] [46/77] orca | methanol 1H | OK in 3.7s - MAE 1.25 max 2.23 ppm (n=2)
[14:55:23] [47/77] orca | acetonitrile 13C | predicting ...
[14:55:27] [47/77] orca | acetonitrile 13C | OK in 4.0s - MAE 1.66 max 3.25 ppm (n=2)
[14:55:27] [48/77] orca | acetonitrile 1H | predicting ...
[14:55:31] [48/77] orca | acetonitrile 1H | OK in 3.9s - MAE 0.09 max 0.09 ppm (n=1)
[14:55:31] [49/77] orca | dmso 13C | predicting ...
[14:55:38] [49/77] orca | dmso 13C | OK in 6.8s - MAE 1.94 max 1.94 ppm (n=1)
[14:55:38] [50/77] orca | dmso 1H | predicting ...
[14:55:45] [50/77] orca | dmso 1H | OK in 6.8s - MAE 0.32 max 0.32 ppm (n=1)
[14:55:45] [51/77] orca | iodomethane 13C | predicting ...
[14:55:45] [51/77] orca | iodomethane 13C | ERROR in 0.1s - OrcaEngineError: ORCA job 'sample' failed with exit code 55.
[14:55:45] [52/77] orca | iodomethane 1H | predicting ...
[14:55:45] [52/77] orca | iodomethane 1H | ERROR in 0.1s - OrcaEngineError: ORCA job 'sample' failed with exit code 55.
[14:55:45] [53/77] orca | ethylene 13C | predicting ...
[14:55:48] [53/77] orca | ethylene 13C | OK in 3.6s - MAE 5.47 max 5.47 ppm (n=1)
[14:55:48] [54/77] orca | ethylene 1H | predicting ...
[14:55:52] [54/77] orca | ethylene 1H | OK in 3.6s - MAE 0.32 max 0.32 ppm (n=1)
[14:55:52] [55/77] orca | acetylene 13C | predicting ...
[14:55:55] [55/77] orca | acetylene 13C | OK in 2.8s - MAE 0.93 max 0.93 ppm (n=1)
[14:55:55] [56/77] orca | acetylene 1H | predicting ...
[14:55:57] [56/77] orca | acetylene 1H | OK in 2.5s - MAE 0.32 max 0.32 ppm (n=1)
[14:55:57] [57/77] orca | cyclopropane 13C | predicting ...
[14:56:02] [57/77] orca | cyclopropane 13C | OK in 5.2s - MAE 2.41 max 2.41 ppm (n=1)
[14:56:02] [58/77] orca | cyclopropane 1H | predicting ...
[14:56:08] [58/77] orca | cyclopropane 1H | OK in 5.2s - MAE 0.01 max 0.01 ppm (n=1)
[14:56:08] [59/77] orca | styrene 13C | predicting ...
[14:56:18] [59/77] orca | styrene 13C | OK in 10.9s - MAE 7.08 max 7.46 ppm (n=2)
[14:56:18] [60/77] orca | styrene 1H | predicting ...
[14:56:29] [60/77] orca | styrene 1H | OK in 10.7s - MAE 0.31 max 0.31 ppm (n=1)
[14:56:29] [61/77] orca | furan 13C | predicting ...
[14:56:36] [61/77] orca | furan 13C | OK in 6.6s - MAE 3.33 max 3.39 ppm (n=2)
[14:56:36] [62/77] orca | furan 1H | predicting ...
[14:56:42] [62/77] orca | furan 1H | OK in 6.5s - MAE 0.22 max 0.25 ppm (n=2)
[14:56:42] [63/77] orca | adamantane 13C | predicting ...
[14:57:00] [63/77] orca | adamantane 13C | OK in 17.8s - MAE 3.72 max 4.50 ppm (n=2)
[14:57:00] [64/77] orca | adamantane 1H | predicting ...
[14:57:18] [64/77] orca | adamantane 1H | OK in 17.8s - MAE 0.20 max 0.36 ppm (n=2)
[14:57:18] [65/77] orca | camphor 13C | predicting ...
[14:57:38] [65/77] orca | camphor 13C | OK in 19.8s - MAE 8.14 max 8.14 ppm (n=1)
[14:57:38] [66/77] orca | menthol 13C | predicting ...
[14:58:01] [66/77] orca | menthol 13C | OK in 23.1s - MAE 2.47 max 2.47 ppm (n=1)
[14:58:01] [67/77] orca | menthol 1H | predicting ...
[14:58:24] [67/77] orca | menthol 1H | OK in 23.5s - MAE 2.14 max 2.14 ppm (n=1)
[14:58:24] [68/77] orca | caffeine 13C | predicting ...
[14:58:44] [68/77] orca | caffeine 13C | OK in 20.2s - MAE 0.96 max 0.96 ppm (n=1)
[14:58:44] [69/77] orca | caffeine 1H | predicting ...
[14:59:05] [69/77] orca | caffeine 1H | OK in 20.3s - MAE 0.27 max 0.27 ppm (n=1)
[14:59:05] [70/77] orca | ibuprofen 13C | predicting ...
[14:59:41] [70/77] orca | ibuprofen 13C | OK in 35.8s - MAE 1.93 max 2.77 ppm (n=2)
[14:59:41] [71/77] orca | ibuprofen 1H | predicting ...
[15:00:16] [71/77] orca | ibuprofen 1H | OK in 35.6s - MAE 2.61 max 5.12 ppm (n=2)
[15:00:16] [72/77] orca | anthracene 13C | predicting ...
[15:00:36] [72/77] orca | anthracene 13C | OK in 19.7s - MAE 3.69 max 3.92 ppm (n=4)
[15:00:36] [73/77] orca | anthracene 1H | predicting ...
[15:00:55] [73/77] orca | anthracene 1H | OK in 19.6s - MAE 0.29 max 0.39 ppm (n=3)
[15:00:55] [74/77] orca | testosterone 13C | predicting ...
[15:01:57] [74/77] orca | testosterone 13C | OK in 1m01.4s - MAE 3.40 max 6.81 ppm (n=4)
[15:01:57] [75/77] orca | testosterone 1H | predicting ...
[15:02:58] [75/77] orca | testosterone 1H | OK in 1m01.5s - MAE 0.53 max 0.93 ppm (n=3)
[15:02:58] [76/77] orca | cholesterol 13C | predicting ...
[15:04:23] [76/77] orca | cholesterol 13C | OK in 1m24.7s - MAE 5.89 max 8.34 ppm (n=3)
[15:04:23] [77/77] orca | cholesterol 1H | predicting ...
[15:05:47] [77/77] orca | cholesterol 1H | OK in 1m24.1s - MAE 0.46 max 0.95 ppm (n=3)
[15:05:47] orca: done in 16m10.3s - 75 ok, 2 error, 0 skipped
[15:05:47] -- Level 8 done in 16m10.3s - 75 ok, 2 error --

[15:05:47] == Level 9 (3/5): PBE0/pcSseg-1 (rel. speed: ~5-20 min) ==
[15:05:47]    TMS reference warm: 0.0s
[15:05:47] orca: 77 (molecule, nucleus) run(s) to do
[15:05:47] [1/77] orca | methane 13C | predicting ...
[15:05:50] [1/77] orca | methane 13C | OK in 2.8s - MAE 1.96 max 1.96 ppm (n=1)
[15:05:50] [2/77] orca | methane 1H | predicting ...
[15:05:52] [2/77] orca | methane 1H | OK in 2.4s - MAE 0.14 max 0.14 ppm (n=1)
[15:05:52] [3/77] orca | ethane 13C | predicting ...
[15:05:56] [3/77] orca | ethane 13C | OK in 3.8s - MAE 4.19 max 4.19 ppm (n=1)
[15:05:56] [4/77] orca | ethane 1H | predicting ...
[15:06:00] [4/77] orca | ethane 1H | OK in 3.8s - MAE 0.13 max 0.13 ppm (n=1)
[15:06:00] [5/77] orca | cyclohexane 13C | predicting ...
[15:06:09] [5/77] orca | cyclohexane 13C | OK in 9.4s - MAE 1.45 max 1.45 ppm (n=1)
[15:06:09] [6/77] orca | cyclohexane 1H | predicting ...
[15:06:19] [6/77] orca | cyclohexane 1H | OK in 9.3s - MAE 0.06 max 0.06 ppm (n=1)
[15:06:19] [7/77] orca | ethanol 13C | predicting ...
[15:06:25] [7/77] orca | ethanol 13C | OK in 6.6s - MAE 2.13 max 4.10 ppm (n=2)
[15:06:25] [8/77] orca | ethanol 1H | predicting ...
[15:06:32] [8/77] orca | ethanol 1H | OK in 6.6s - MAE 0.76 max 2.05 ppm (n=3)
[15:06:32] [9/77] orca | isopropanol 13C | predicting ...
[15:06:38] [9/77] orca | isopropanol 13C | OK in 6.1s - MAE 2.22 max 3.03 ppm (n=2)
[15:06:38] [10/77] orca | isopropanol 1H | predicting ...
[15:06:44] [10/77] orca | isopropanol 1H | OK in 6.1s - MAE 0.60 max 1.70 ppm (n=3)
[15:06:44] [11/77] orca | tert_butanol 13C | predicting ...
[15:06:52] [11/77] orca | tert_butanol 13C | OK in 8.0s - MAE 0.95 max 1.55 ppm (n=2)
[15:06:52] [12/77] orca | tert_butanol 1H | predicting ...
[15:07:00] [12/77] orca | tert_butanol 1H | OK in 8.1s - MAE 1.01 max 1.99 ppm (n=2)
[15:07:00] [13/77] orca | neopentane 13C | predicting ...
[15:07:09] [13/77] orca | neopentane 13C | OK in 9.0s - MAE 1.79 max 2.25 ppm (n=2)
[15:07:09] [14/77] orca | neopentane 1H | predicting ...
[15:07:18] [14/77] orca | neopentane 1H | OK in 9.0s - MAE 0.10 max 0.10 ppm (n=1)
[15:07:18] [15/77] orca | benzene 13C | predicting ...
[15:07:25] [15/77] orca | benzene 13C | OK in 6.9s - MAE 6.73 max 6.73 ppm (n=1)
[15:07:25] [16/77] orca | benzene 1H | predicting ...
[15:07:32] [16/77] orca | benzene 1H | OK in 6.8s - MAE 0.38 max 0.38 ppm (n=1)
[15:07:32] [17/77] orca | p_xylene 13C | predicting ...
[15:07:42] [17/77] orca | p_xylene 13C | OK in 10.2s - MAE 5.54 max 7.40 ppm (n=3)
[15:07:42] [18/77] orca | p_xylene 1H | predicting ...
[15:07:52] [18/77] orca | p_xylene 1H | OK in 10.1s - MAE 0.26 max 0.38 ppm (n=2)
[15:07:52] [19/77] orca | mesitylene 13C | predicting ...
[15:08:04] [19/77] orca | mesitylene 13C | OK in 11.7s - MAE 6.03 max 7.95 ppm (n=3)
[15:08:04] [20/77] orca | mesitylene 1H | predicting ...
[15:08:16] [20/77] orca | mesitylene 1H | OK in 11.7s - MAE 0.27 max 0.35 ppm (n=2)
[15:08:16] [21/77] orca | pyridine 13C | predicting ...
[15:08:23] [21/77] orca | pyridine 13C | OK in 7.2s - MAE 6.62 max 10.45 ppm (n=3)
[15:08:23] [22/77] orca | pyridine 1H | predicting ...
[15:08:30] [22/77] orca | pyridine 1H | OK in 7.2s - MAE 0.22 max 0.42 ppm (n=3)
[15:08:30] [23/77] orca | naphthalene 13C | predicting ...
[15:08:41] [23/77] orca | naphthalene 13C | OK in 10.5s - MAE 5.42 max 8.10 ppm (n=3)
[15:08:41] [24/77] orca | naphthalene 1H | predicting ...
[15:08:51] [24/77] orca | naphthalene 1H | OK in 10.5s - MAE 0.40 max 0.45 ppm (n=2)
[15:08:51] [25/77] orca | acetone 13C | predicting ...
[15:08:57] [25/77] orca | acetone 13C | OK in 5.8s - MAE 5.83 max 10.40 ppm (n=2)
[15:08:57] [26/77] orca | acetone 1H | predicting ...
[15:09:02] [26/77] orca | acetone 1H | OK in 5.6s - MAE 0.02 max 0.02 ppm (n=1)
[15:09:02] [27/77] orca | acetaldehyde 13C | predicting ...
[15:09:07] [27/77] orca | acetaldehyde 13C | OK in 4.2s - MAE 7.96 max 11.85 ppm (n=2)
[15:09:07] [28/77] orca | acetaldehyde 1H | predicting ...
[15:09:11] [28/77] orca | acetaldehyde 1H | OK in 4.2s - MAE 0.14 max 0.27 ppm (n=2)
[15:09:11] [29/77] orca | ethyl_acetate 13C | predicting ...
[15:09:19] [29/77] orca | ethyl_acetate 13C | OK in 8.1s - MAE 4.83 max 11.62 ppm (n=4)
[15:09:19] [30/77] orca | ethyl_acetate 1H | predicting ...
[15:09:27] [30/77] orca | ethyl_acetate 1H | OK in 8.1s - MAE 0.10 max 0.15 ppm (n=3)
[15:09:27] [31/77] orca | benzaldehyde 13C | predicting ...
[15:09:36] [31/77] orca | benzaldehyde 13C | OK in 8.9s - MAE 8.92 max 8.92 ppm (n=1)
[15:09:36] [32/77] orca | benzaldehyde 1H | predicting ...
[15:09:45] [32/77] orca | benzaldehyde 1H | OK in 9.0s - MAE 0.19 max 0.19 ppm (n=1)
[15:09:45] [33/77] orca | dmf 13C | predicting ...
[15:09:52] [33/77] orca | dmf 13C | OK in 7.0s - MAE 5.68 max 5.68 ppm (n=1)
[15:09:52] [34/77] orca | dmf 1H | predicting ...
[15:09:59] [34/77] orca | dmf 1H | OK in 6.8s - MAE 0.05 max 0.05 ppm (n=1)
[15:09:59] [35/77] orca | acetic_acid 13C | predicting ...
[15:10:04] [35/77] orca | acetic_acid 13C | OK in 5.0s - MAE 1.10 max 1.65 ppm (n=2)
[15:10:04] [36/77] orca | acetic_acid 1H | predicting ...
[15:10:08] [36/77] orca | acetic_acid 1H | OK in 4.6s - MAE 2.53 max 5.04 ppm (n=2)
[15:10:08] [37/77] orca | formic_acid 13C | predicting ...
[15:10:13] [37/77] orca | formic_acid 13C | OK in 4.5s - MAE 4.05 max 4.05 ppm (n=1)
[15:10:13] [38/77] orca | formic_acid 1H | predicting ...
[15:10:17] [38/77] orca | formic_acid 1H | OK in 3.7s - MAE 2.24 max 4.33 ppm (n=2)
[15:10:17] [39/77] orca | benzoic_acid 13C | predicting ...
[15:10:26] [39/77] orca | benzoic_acid 13C | OK in 9.8s - MAE 0.52 max 0.52 ppm (n=1)
[15:10:26] [40/77] orca | benzoic_acid 1H | predicting ...
[15:10:36] [40/77] orca | benzoic_acid 1H | OK in 9.7s - MAE 5.44 max 5.44 ppm (n=1)
[15:10:36] [41/77] orca | chloroform 13C | predicting ...
[15:10:40] [41/77] orca | chloroform 13C | OK in 4.1s - MAE 27.30 max 27.30 ppm (n=1)
[15:10:40] [42/77] orca | chloroform 1H | predicting ...
[15:10:44] [42/77] orca | chloroform 1H | OK in 4.0s - MAE 0.15 max 0.15 ppm (n=1)
[15:10:44] [43/77] orca | dichloromethane 13C | predicting ...
[15:10:48] [43/77] orca | dichloromethane 13C | OK in 3.5s - MAE 14.22 max 14.22 ppm (n=1)
[15:10:48] [44/77] orca | dichloromethane 1H | predicting ...
[15:10:51] [44/77] orca | dichloromethane 1H | OK in 3.5s - MAE 0.05 max 0.05 ppm (n=1)
[15:10:51] [45/77] orca | methanol 13C | predicting ...
[15:10:55] [45/77] orca | methanol 13C | OK in 3.5s - MAE 3.79 max 3.79 ppm (n=1)
[15:10:55] [46/77] orca | methanol 1H | predicting ...
[15:10:58] [46/77] orca | methanol 1H | OK in 3.6s - MAE 1.24 max 2.23 ppm (n=2)
[15:10:58] [47/77] orca | acetonitrile 13C | predicting ...
[15:11:03] [47/77] orca | acetonitrile 13C | OK in 5.2s - MAE 3.08 max 4.42 ppm (n=2)
[15:11:03] [48/77] orca | acetonitrile 1H | predicting ...
[15:11:07] [48/77] orca | acetonitrile 1H | OK in 3.7s - MAE 0.12 max 0.12 ppm (n=1)
[15:11:07] [49/77] orca | dmso 13C | predicting ...
[15:11:14] [49/77] orca | dmso 13C | OK in 6.6s - MAE 2.64 max 2.64 ppm (n=1)
[15:11:14] [50/77] orca | dmso 1H | predicting ...
[15:11:20] [50/77] orca | dmso 1H | OK in 6.2s - MAE 0.31 max 0.31 ppm (n=1)
[15:11:20] [51/77] orca | iodomethane 13C | predicting ...
[15:11:20] [51/77] orca | iodomethane 13C | ERROR in 0.1s - OrcaEngineError: ORCA job 'sample' failed with exit code 55.
[15:11:20] [52/77] orca | iodomethane 1H | predicting ...
[15:11:20] [52/77] orca | iodomethane 1H | ERROR in 0.1s - OrcaEngineError: ORCA job 'sample' failed with exit code 55.
[15:11:20] [53/77] orca | ethylene 13C | predicting ...
[15:11:24] [53/77] orca | ethylene 13C | OK in 3.7s - MAE 11.17 max 11.17 ppm (n=1)
[15:11:24] [54/77] orca | ethylene 1H | predicting ...
[15:11:28] [54/77] orca | ethylene 1H | OK in 3.9s - MAE 0.51 max 0.51 ppm (n=1)
[15:11:28] [55/77] orca | acetylene 13C | predicting ...
[15:11:30] [55/77] orca | acetylene 13C | OK in 2.7s - MAE 4.10 max 4.10 ppm (n=1)
[15:11:30] [56/77] orca | acetylene 1H | predicting ...
[15:11:33] [56/77] orca | acetylene 1H | OK in 2.4s - MAE 0.40 max 0.40 ppm (n=1)
[15:11:33] [57/77] orca | cyclopropane 13C | predicting ...
[15:11:38] [57/77] orca | cyclopropane 13C | OK in 5.1s - MAE 1.60 max 1.60 ppm (n=1)
[15:11:38] [58/77] orca | cyclopropane 1H | predicting ...
[15:11:43] [58/77] orca | cyclopropane 1H | OK in 4.9s - MAE 0.02 max 0.02 ppm (n=1)
[15:11:43] [59/77] orca | styrene 13C | predicting ...
[15:11:52] [59/77] orca | styrene 13C | OK in 9.2s - MAE 12.08 max 12.36 ppm (n=2)
[15:11:52] [60/77] orca | styrene 1H | predicting ...
[15:12:01] [60/77] orca | styrene 1H | OK in 9.2s - MAE 0.47 max 0.47 ppm (n=1)
[15:12:01] [61/77] orca | furan 13C | predicting ...
[15:12:07] [61/77] orca | furan 13C | OK in 5.3s - MAE 7.92 max 8.32 ppm (n=2)
[15:12:07] [62/77] orca | furan 1H | predicting ...
[15:12:12] [62/77] orca | furan 1H | OK in 5.2s - MAE 0.33 max 0.38 ppm (n=2)
[15:12:12] [63/77] orca | adamantane 13C | predicting ...
[15:12:28] [63/77] orca | adamantane 13C | OK in 16.0s - MAE 3.09 max 3.46 ppm (n=2)
[15:12:28] [64/77] orca | adamantane 1H | predicting ...
[15:12:44] [64/77] orca | adamantane 1H | OK in 15.9s - MAE 0.19 max 0.38 ppm (n=2)
[15:12:44] [65/77] orca | camphor 13C | predicting ...
[15:13:02] [65/77] orca | camphor 13C | OK in 18.0s - MAE 12.86 max 12.86 ppm (n=1)
[15:13:02] [66/77] orca | menthol 13C | predicting ...
[15:13:24] [66/77] orca | menthol 13C | OK in 22.1s - MAE 2.24 max 2.24 ppm (n=1)
[15:13:24] [67/77] orca | menthol 1H | predicting ...
[15:13:46] [67/77] orca | menthol 1H | OK in 22.5s - MAE 2.15 max 2.15 ppm (n=1)
[15:13:46] [68/77] orca | caffeine 13C | predicting ...
[15:14:04] [68/77] orca | caffeine 13C | OK in 17.3s - MAE 4.01 max 4.01 ppm (n=1)
[15:14:04] [69/77] orca | caffeine 1H | predicting ...
[15:14:21] [69/77] orca | caffeine 1H | OK in 17.3s - MAE 0.19 max 0.19 ppm (n=1)
[15:14:21] [70/77] orca | ibuprofen 13C | predicting ...
[15:14:54] [70/77] orca | ibuprofen 13C | OK in 32.9s - MAE 3.87 max 5.25 ppm (n=2)
[15:14:54] [71/77] orca | ibuprofen 1H | predicting ...
[15:15:26] [71/77] orca | ibuprofen 1H | OK in 32.7s - MAE 2.61 max 5.14 ppm (n=2)
[15:15:26] [72/77] orca | anthracene 13C | predicting ...
[15:15:43] [72/77] orca | anthracene 13C | OK in 16.8s - MAE 6.39 max 8.42 ppm (n=4)
[15:15:43] [73/77] orca | anthracene 1H | predicting ...
[15:16:00] [73/77] orca | anthracene 1H | OK in 16.8s - MAE 0.44 max 0.54 ppm (n=3)
[15:16:00] [74/77] orca | testosterone 13C | predicting ...
[15:16:52] [74/77] orca | testosterone 13C | OK in 52.4s - MAE 6.72 max 10.44 ppm (n=4)
[15:16:52] [75/77] orca | testosterone 1H | predicting ...
[15:17:45] [75/77] orca | testosterone 1H | OK in 52.1s - MAE 0.55 max 0.95 ppm (n=3)
[15:17:45] [76/77] orca | cholesterol 13C | predicting ...
[15:19:03] [76/77] orca | cholesterol 13C | OK in 1m18.2s - MAE 8.20 max 11.81 ppm (n=3)
[15:19:03] [77/77] orca | cholesterol 1H | predicting ...
[15:20:21] [77/77] orca | cholesterol 1H | OK in 1m18.0s - MAE 0.47 max 0.95 ppm (n=3)
[15:20:21] orca: done in 14m33.6s - 75 ok, 2 error, 0 skipped
[15:20:21] -- Level 9 done in 14m33.6s - 75 ok, 2 error --

[15:20:21] == Level 10 (4/5): wB97X-D3/pcSseg-1 (rel. speed: ~10-30 min) ==
[15:20:21]    TMS reference warm: 0.0s
[15:20:21] orca: 77 (molecule, nucleus) run(s) to do
[15:20:21] [1/77] orca | methane 13C | predicting ...
[15:20:24] [1/77] orca | methane 13C | OK in 2.7s - MAE 0.57 max 0.57 ppm (n=1)
[15:20:24] [2/77] orca | methane 1H | predicting ...
[15:20:26] [2/77] orca | methane 1H | OK in 2.4s - MAE 0.21 max 0.21 ppm (n=1)
[15:20:26] [3/77] orca | ethane 13C | predicting ...
[15:20:30] [3/77] orca | ethane 13C | OK in 4.3s - MAE 4.05 max 4.05 ppm (n=1)
[15:20:30] [4/77] orca | ethane 1H | predicting ...
[15:20:35] [4/77] orca | ethane 1H | OK in 4.2s - MAE 0.13 max 0.13 ppm (n=1)
[15:20:35] [5/77] orca | cyclohexane 13C | predicting ...
[15:20:46] [5/77] orca | cyclohexane 13C | OK in 11.1s - MAE 0.14 max 0.14 ppm (n=1)
[15:20:46] [6/77] orca | cyclohexane 1H | predicting ...
[15:20:57] [6/77] orca | cyclohexane 1H | OK in 11.2s - MAE 0.12 max 0.12 ppm (n=1)
[15:20:57] [7/77] orca | ethanol 13C | predicting ...
[15:21:03] [7/77] orca | ethanol 13C | OK in 5.7s - MAE 1.64 max 3.07 ppm (n=2)
[15:21:03] [8/77] orca | ethanol 1H | predicting ...
[15:21:08] [8/77] orca | ethanol 1H | OK in 5.6s - MAE 0.73 max 2.05 ppm (n=3)
[15:21:08] [9/77] orca | isopropanol 13C | predicting ...
[15:21:16] [9/77] orca | isopropanol 13C | OK in 7.5s - MAE 1.52 max 1.68 ppm (n=2)
[15:21:16] [10/77] orca | isopropanol 1H | predicting ...
[15:21:23] [10/77] orca | isopropanol 1H | OK in 7.6s - MAE 0.64 max 1.68 ppm (n=3)
[15:21:23] [11/77] orca | tert_butanol 13C | predicting ...
[15:21:32] [11/77] orca | tert_butanol 13C | OK in 9.0s - MAE 1.22 max 1.63 ppm (n=2)
[15:21:32] [12/77] orca | tert_butanol 1H | predicting ...
[15:21:41] [12/77] orca | tert_butanol 1H | OK in 8.9s - MAE 0.99 max 1.93 ppm (n=2)
[15:21:41] [13/77] orca | neopentane 13C | predicting ...
[15:21:51] [13/77] orca | neopentane 13C | OK in 9.9s - MAE 1.03 max 1.05 ppm (n=2)
[15:21:51] [14/77] orca | neopentane 1H | predicting ...
[15:22:01] [14/77] orca | neopentane 1H | OK in 9.8s - MAE 0.10 max 0.10 ppm (n=1)
[15:22:01] [15/77] orca | benzene 13C | predicting ...
[15:22:09] [15/77] orca | benzene 13C | OK in 8.1s - MAE 7.61 max 7.61 ppm (n=1)
[15:22:09] [16/77] orca | benzene 1H | predicting ...
[15:22:17] [16/77] orca | benzene 1H | OK in 8.2s - MAE 0.40 max 0.40 ppm (n=1)
[15:22:17] [17/77] orca | p_xylene 13C | predicting ...
[15:22:30] [17/77] orca | p_xylene 13C | OK in 12.7s - MAE 6.01 max 8.39 ppm (n=3)
[15:22:30] [18/77] orca | p_xylene 1H | predicting ...
[15:22:42] [18/77] orca | p_xylene 1H | OK in 12.5s - MAE 0.26 max 0.42 ppm (n=2)
[15:22:42] [19/77] orca | mesitylene 13C | predicting ...
[15:22:57] [19/77] orca | mesitylene 13C | OK in 14.8s - MAE 6.51 max 9.45 ppm (n=3)
[15:22:57] [20/77] orca | mesitylene 1H | predicting ...
[15:23:12] [20/77] orca | mesitylene 1H | OK in 15.0s - MAE 0.27 max 0.39 ppm (n=2)
[15:23:12] [21/77] orca | pyridine 13C | predicting ...
[15:23:21] [21/77] orca | pyridine 13C | OK in 8.5s - MAE 7.67 max 11.53 ppm (n=3)
[15:23:21] [22/77] orca | pyridine 1H | predicting ...
[15:23:29] [22/77] orca | pyridine 1H | OK in 8.4s - MAE 0.24 max 0.41 ppm (n=3)
[15:23:29] [23/77] orca | naphthalene 13C | predicting ...
[15:23:44] [23/77] orca | naphthalene 13C | OK in 15.2s - MAE 6.53 max 9.21 ppm (n=3)
[15:23:44] [24/77] orca | naphthalene 1H | predicting ...
[15:24:00] [24/77] orca | naphthalene 1H | OK in 15.2s - MAE 0.44 max 0.48 ppm (n=2)
[15:24:00] [25/77] orca | acetone 13C | predicting ...
[15:24:06] [25/77] orca | acetone 13C | OK in 6.7s - MAE 6.41 max 11.16 ppm (n=2)
[15:24:06] [26/77] orca | acetone 1H | predicting ...
[15:24:13] [26/77] orca | acetone 1H | OK in 6.7s - MAE 0.04 max 0.04 ppm (n=1)
[15:24:13] [27/77] orca | acetaldehyde 13C | predicting ...
[15:24:18] [27/77] orca | acetaldehyde 13C | OK in 4.7s - MAE 8.13 max 12.44 ppm (n=2)
[15:24:18] [28/77] orca | acetaldehyde 1H | predicting ...
[15:24:22] [28/77] orca | acetaldehyde 1H | OK in 4.7s - MAE 0.06 max 0.10 ppm (n=2)
[15:24:22] [29/77] orca | ethyl_acetate 13C | predicting ...
[15:24:32] [29/77] orca | ethyl_acetate 13C | OK in 9.9s - MAE 5.14 max 12.63 ppm (n=4)
[15:24:32] [30/77] orca | ethyl_acetate 1H | predicting ...
[15:24:42] [30/77] orca | ethyl_acetate 1H | OK in 9.9s - MAE 0.11 max 0.19 ppm (n=3)
[15:24:42] [31/77] orca | benzaldehyde 13C | predicting ...
[15:24:54] [31/77] orca | benzaldehyde 13C | OK in 11.8s - MAE 10.57 max 10.57 ppm (n=1)
[15:24:54] [32/77] orca | benzaldehyde 1H | predicting ...
[15:25:06] [32/77] orca | benzaldehyde 1H | OK in 11.7s - MAE 0.12 max 0.12 ppm (n=1)
[15:25:06] [33/77] orca | dmf 13C | predicting ...
[15:25:14] [33/77] orca | dmf 13C | OK in 8.3s - MAE 8.29 max 8.29 ppm (n=1)
[15:25:14] [34/77] orca | dmf 1H | predicting ...
[15:25:22] [34/77] orca | dmf 1H | OK in 8.2s - MAE 0.10 max 0.10 ppm (n=1)
[15:25:22] [35/77] orca | acetic_acid 13C | predicting ...
[15:25:28] [35/77] orca | acetic_acid 13C | OK in 5.5s - MAE 1.51 max 2.78 ppm (n=2)
[15:25:28] [36/77] orca | acetic_acid 1H | predicting ...
[15:25:33] [36/77] orca | acetic_acid 1H | OK in 5.6s - MAE 2.52 max 5.01 ppm (n=2)
[15:25:33] [37/77] orca | formic_acid 13C | predicting ...
[15:25:37] [37/77] orca | formic_acid 13C | OK in 4.0s - MAE 5.25 max 5.25 ppm (n=1)
[15:25:37] [38/77] orca | formic_acid 1H | predicting ...
[15:25:41] [38/77] orca | formic_acid 1H | OK in 4.0s - MAE 2.27 max 4.31 ppm (n=2)
[15:25:41] [39/77] orca | benzoic_acid 13C | predicting ...
[15:25:55] [39/77] orca | benzoic_acid 13C | OK in 13.2s - MAE 2.03 max 2.03 ppm (n=1)
[15:25:55] [40/77] orca | benzoic_acid 1H | predicting ...
[15:26:08] [40/77] orca | benzoic_acid 1H | OK in 13.2s - MAE 5.38 max 5.38 ppm (n=1)
[15:26:08] [41/77] orca | chloroform 13C | predicting ...
[15:26:13] [41/77] orca | chloroform 13C | OK in 5.2s - MAE 21.27 max 21.27 ppm (n=1)
[15:26:13] [42/77] orca | chloroform 1H | predicting ...
[15:26:18] [42/77] orca | chloroform 1H | OK in 5.1s - MAE 0.21 max 0.21 ppm (n=1)
[15:26:18] [43/77] orca | dichloromethane 13C | predicting ...
[15:26:22] [43/77] orca | dichloromethane 13C | OK in 4.2s - MAE 10.74 max 10.74 ppm (n=1)
[15:26:22] [44/77] orca | dichloromethane 1H | predicting ...
[15:26:27] [44/77] orca | dichloromethane 1H | OK in 4.2s - MAE 0.15 max 0.15 ppm (n=1)
[15:26:27] [45/77] orca | methanol 13C | predicting ...
[15:26:31] [45/77] orca | methanol 13C | OK in 4.1s - MAE 3.56 max 3.56 ppm (n=1)
[15:26:31] [46/77] orca | methanol 1H | predicting ...
[15:26:35] [46/77] orca | methanol 1H | OK in 4.1s - MAE 1.19 max 2.17 ppm (n=2)
[15:26:35] [47/77] orca | acetonitrile 13C | predicting ...
[15:26:39] [47/77] orca | acetonitrile 13C | OK in 4.2s - MAE 4.00 max 5.87 ppm (n=2)
[15:26:39] [48/77] orca | acetonitrile 1H | predicting ...
[15:26:43] [48/77] orca | acetonitrile 1H | OK in 4.1s - MAE 0.16 max 0.16 ppm (n=1)
[15:26:43] [49/77] orca | dmso 13C | predicting ...
[15:26:50] [49/77] orca | dmso 13C | OK in 7.3s - MAE 2.52 max 2.52 ppm (n=1)
[15:26:50] [50/77] orca | dmso 1H | predicting ...
[15:26:57] [50/77] orca | dmso 1H | OK in 7.2s - MAE 0.30 max 0.30 ppm (n=1)
[15:26:57] [51/77] orca | iodomethane 13C | predicting ...
[15:26:58] [51/77] orca | iodomethane 13C | ERROR in 0.1s - OrcaEngineError: ORCA job 'sample' failed with exit code 55.
[15:26:58] [52/77] orca | iodomethane 1H | predicting ...
[15:26:58] [52/77] orca | iodomethane 1H | ERROR in 0.1s - OrcaEngineError: ORCA job 'sample' failed with exit code 55.
[15:26:58] [53/77] orca | ethylene 13C | predicting ...
[15:27:01] [53/77] orca | ethylene 13C | OK in 3.7s - MAE 11.64 max 11.64 ppm (n=1)
[15:27:01] [54/77] orca | ethylene 1H | predicting ...
[15:27:05] [54/77] orca | ethylene 1H | OK in 3.7s - MAE 0.52 max 0.52 ppm (n=1)
[15:27:05] [55/77] orca | acetylene 13C | predicting ...
[15:27:08] [55/77] orca | acetylene 13C | OK in 2.9s - MAE 5.29 max 5.29 ppm (n=1)
[15:27:08] [56/77] orca | acetylene 1H | predicting ...
[15:27:10] [56/77] orca | acetylene 1H | OK in 2.6s - MAE 0.31 max 0.31 ppm (n=1)
[15:27:10] [57/77] orca | cyclopropane 13C | predicting ...
[15:27:16] [57/77] orca | cyclopropane 13C | OK in 5.7s - MAE 1.67 max 1.67 ppm (n=1)
[15:27:16] [58/77] orca | cyclopropane 1H | predicting ...
[15:27:21] [58/77] orca | cyclopropane 1H | OK in 5.4s - MAE 0.00 max 0.00 ppm (n=1)
[15:27:21] [59/77] orca | styrene 13C | predicting ...
[15:27:34] [59/77] orca | styrene 13C | OK in 12.5s - MAE 12.42 max 12.66 ppm (n=2)
[15:27:34] [60/77] orca | styrene 1H | predicting ...
[15:27:46] [60/77] orca | styrene 1H | OK in 12.2s - MAE 0.44 max 0.44 ppm (n=1)
[15:27:46] [61/77] orca | furan 13C | predicting ...
[15:27:54] [61/77] orca | furan 13C | OK in 7.6s - MAE 9.04 max 9.83 ppm (n=2)
[15:27:54] [62/77] orca | furan 1H | predicting ...
[15:28:01] [62/77] orca | furan 1H | OK in 7.2s - MAE 0.35 max 0.40 ppm (n=2)
[15:28:01] [63/77] orca | adamantane 13C | predicting ...
[15:28:21] [63/77] orca | adamantane 13C | OK in 20.3s - MAE 1.25 max 1.48 ppm (n=2)
[15:28:21] [64/77] orca | adamantane 1H | predicting ...
[15:28:41] [64/77] orca | adamantane 1H | OK in 20.2s - MAE 0.28 max 0.45 ppm (n=2)
[15:28:41] [65/77] orca | camphor 13C | predicting ...
[15:29:05] [65/77] orca | camphor 13C | OK in 23.7s - MAE 13.47 max 13.47 ppm (n=1)
[15:29:05] [66/77] orca | menthol 13C | predicting ...
[15:29:31] [66/77] orca | menthol 13C | OK in 26.2s - MAE 1.20 max 1.20 ppm (n=1)
[15:29:31] [67/77] orca | menthol 1H | predicting ...
[15:29:58] [67/77] orca | menthol 1H | OK in 26.4s - MAE 2.07 max 2.07 ppm (n=1)
[15:29:58] [68/77] orca | caffeine 13C | predicting ...
[15:30:21] [68/77] orca | caffeine 13C | OK in 23.4s - MAE 6.40 max 6.40 ppm (n=1)
[15:30:21] [69/77] orca | caffeine 1H | predicting ...
[15:30:44] [69/77] orca | caffeine 1H | OK in 23.3s - MAE 0.13 max 0.13 ppm (n=1)
[15:30:44] [70/77] orca | ibuprofen 13C | predicting ...
[15:31:21] [70/77] orca | ibuprofen 13C | OK in 36.9s - MAE 4.35 max 6.51 ppm (n=2)
[15:31:21] [71/77] orca | ibuprofen 1H | predicting ...
[15:31:58] [71/77] orca | ibuprofen 1H | OK in 37.2s - MAE 2.60 max 5.11 ppm (n=2)
[15:31:58] [72/77] orca | anthracene 13C | predicting ...
[15:32:21] [72/77] orca | anthracene 13C | OK in 22.9s - MAE 7.45 max 9.54 ppm (n=4)
[15:32:21] [73/77] orca | anthracene 1H | predicting ...
[15:32:44] [73/77] orca | anthracene 1H | OK in 23.0s - MAE 0.47 max 0.56 ppm (n=3)
[15:32:44] [74/77] orca | testosterone 13C | predicting ...
[15:33:55] [74/77] orca | testosterone 13C | OK in 1m10.7s - MAE 6.59 max 10.10 ppm (n=4)
[15:33:55] [75/77] orca | testosterone 1H | predicting ...
[15:35:06] [75/77] orca | testosterone 1H | OK in 1m10.9s - MAE 0.50 max 0.95 ppm (n=3)
[15:35:06] [76/77] orca | cholesterol 13C | predicting ...
[15:36:51] [76/77] orca | cholesterol 13C | OK in 1m45.0s - MAE 7.69 max 11.76 ppm (n=3)
[15:36:51] [77/77] orca | cholesterol 1H | predicting ...
[15:38:39] [77/77] orca | cholesterol 1H | OK in 1m48.1s - MAE 0.45 max 0.92 ppm (n=3)
[15:38:39] orca: done in 18m18.0s - 75 ok, 2 error, 0 skipped
[15:38:39] -- Level 10 done in 18m18.1s - 75 ok, 2 error --

[15:38:39] == Level 11 (5/5): wB97X-D3/def2-TZVP (rel. speed: ~10-45 min) ==
[15:38:39]    TMS reference warm: 0.0s
[15:38:39] orca: 77 (molecule, nucleus) run(s) to do
[15:38:39] [1/77] orca | methane 13C | predicting ...
[15:38:42] [1/77] orca | methane 13C | OK in 3.0s - MAE 2.28 max 2.28 ppm (n=1)
[15:38:42] [2/77] orca | methane 1H | predicting ...
[15:38:45] [2/77] orca | methane 1H | OK in 2.9s - MAE 0.08 max 0.08 ppm (n=1)
[15:38:45] [3/77] orca | ethane 13C | predicting ...
[15:38:50] [3/77] orca | ethane 13C | OK in 5.0s - MAE 3.91 max 3.91 ppm (n=1)
[15:38:50] [4/77] orca | ethane 1H | predicting ...
[15:38:55] [4/77] orca | ethane 1H | OK in 5.0s - MAE 0.12 max 0.12 ppm (n=1)
[15:38:55] [5/77] orca | cyclohexane 13C | predicting ...
[15:39:11] [5/77] orca | cyclohexane 13C | OK in 16.2s - MAE 1.26 max 1.26 ppm (n=1)
[15:39:11] [6/77] orca | cyclohexane 1H | predicting ...
[15:39:27] [6/77] orca | cyclohexane 1H | OK in 16.3s - MAE 0.02 max 0.02 ppm (n=1)
[15:39:27] [7/77] orca | ethanol 13C | predicting ...
[15:39:34] [7/77] orca | ethanol 13C | OK in 6.8s - MAE 2.23 max 3.73 ppm (n=2)
[15:39:34] [8/77] orca | ethanol 1H | predicting ...
[15:39:41] [8/77] orca | ethanol 1H | OK in 6.8s - MAE 0.77 max 2.22 ppm (n=3)
[15:39:41] [9/77] orca | isopropanol 13C | predicting ...
[15:39:51] [9/77] orca | isopropanol 13C | OK in 10.1s - MAE 2.21 max 3.35 ppm (n=2)
[15:39:51] [10/77] orca | isopropanol 1H | predicting ...
[15:40:01] [10/77] orca | isopropanol 1H | OK in 10.0s - MAE 0.64 max 1.81 ppm (n=3)
[15:40:01] [11/77] orca | tert_butanol 13C | predicting ...
[15:40:14] [11/77] orca | tert_butanol 13C | OK in 13.1s - MAE 1.30 max 1.38 ppm (n=2)
[15:40:14] [12/77] orca | tert_butanol 1H | predicting ...
[15:40:27] [12/77] orca | tert_butanol 1H | OK in 13.1s - MAE 1.03 max 2.06 ppm (n=2)
[15:40:27] [13/77] orca | neopentane 13C | predicting ...
[15:40:41] [13/77] orca | neopentane 13C | OK in 14.1s - MAE 1.68 max 2.54 ppm (n=2)
[15:40:41] [14/77] orca | neopentane 1H | predicting ...
[15:40:56] [14/77] orca | neopentane 1H | OK in 14.1s - MAE 0.05 max 0.05 ppm (n=1)
[15:40:56] [15/77] orca | benzene 13C | predicting ...
[15:41:08] [15/77] orca | benzene 13C | OK in 12.4s - MAE 7.28 max 7.28 ppm (n=1)
[15:41:08] [16/77] orca | benzene 1H | predicting ...
[15:41:20] [16/77] orca | benzene 1H | OK in 12.3s - MAE 0.55 max 0.55 ppm (n=1)
[15:41:20] [17/77] orca | p_xylene 13C | predicting ...
[15:41:41] [17/77] orca | p_xylene 13C | OK in 20.7s - MAE 6.27 max 8.83 ppm (n=3)
[15:41:41] [18/77] orca | p_xylene 1H | predicting ...
[15:42:02] [18/77] orca | p_xylene 1H | OK in 20.8s - MAE 0.31 max 0.52 ppm (n=2)
[15:42:02] [19/77] orca | mesitylene 13C | predicting ...
[15:42:28] [19/77] orca | mesitylene 13C | OK in 26.2s - MAE 6.78 max 11.15 ppm (n=3)
[15:42:28] [20/77] orca | mesitylene 1H | predicting ...
[15:42:54] [20/77] orca | mesitylene 1H | OK in 26.3s - MAE 0.32 max 0.50 ppm (n=2)
[15:42:54] [21/77] orca | pyridine 13C | predicting ...
[15:43:07] [21/77] orca | pyridine 13C | OK in 12.6s - MAE 7.37 max 11.22 ppm (n=3)
[15:43:07] [22/77] orca | pyridine 1H | predicting ...
[15:43:20] [22/77] orca | pyridine 1H | OK in 12.7s - MAE 0.37 max 0.55 ppm (n=3)
[15:43:20] [23/77] orca | naphthalene 13C | predicting ...
[15:43:47] [23/77] orca | naphthalene 13C | OK in 27.5s - MAE 6.96 max 8.67 ppm (n=3)
[15:43:47] [24/77] orca | naphthalene 1H | predicting ...
[15:44:14] [24/77] orca | naphthalene 1H | OK in 27.3s - MAE 0.58 max 0.58 ppm (n=2)
[15:44:14] [25/77] orca | acetone 13C | predicting ...
[15:44:25] [25/77] orca | acetone 13C | OK in 10.4s - MAE 6.72 max 12.44 ppm (n=2)
[15:44:25] [26/77] orca | acetone 1H | predicting ...
[15:44:35] [26/77] orca | acetone 1H | OK in 10.5s - MAE 0.05 max 0.05 ppm (n=1)
[15:44:35] [27/77] orca | acetaldehyde 13C | predicting ...
[15:44:41] [27/77] orca | acetaldehyde 13C | OK in 6.2s - MAE 7.80 max 12.51 ppm (n=2)
[15:44:41] [28/77] orca | acetaldehyde 1H | predicting ...
[15:44:48] [28/77] orca | acetaldehyde 1H | OK in 6.3s - MAE 0.28 max 0.48 ppm (n=2)
[15:44:48] [29/77] orca | ethyl_acetate 13C | predicting ...
[15:45:02] [29/77] orca | ethyl_acetate 13C | OK in 14.4s - MAE 4.91 max 12.34 ppm (n=4)
[15:45:02] [30/77] orca | ethyl_acetate 1H | predicting ...
[15:45:17] [30/77] orca | ethyl_acetate 1H | OK in 14.5s - MAE 0.05 max 0.12 ppm (n=3)
[15:45:17] [31/77] orca | benzaldehyde 13C | predicting ...
[15:45:36] [31/77] orca | benzaldehyde 13C | OK in 19.6s - MAE 10.57 max 10.57 ppm (n=1)
[15:45:36] [32/77] orca | benzaldehyde 1H | predicting ...
[15:45:56] [32/77] orca | benzaldehyde 1H | OK in 19.7s - MAE 0.54 max 0.54 ppm (n=1)
[15:45:56] [33/77] orca | dmf 13C | predicting ...
[15:46:08] [33/77] orca | dmf 13C | OK in 12.1s - MAE 7.87 max 7.87 ppm (n=1)
[15:46:08] [34/77] orca | dmf 1H | predicting ...
[15:46:20] [34/77] orca | dmf 1H | OK in 12.0s - MAE 0.23 max 0.23 ppm (n=1)
[15:46:20] [35/77] orca | acetic_acid 13C | predicting ...
[15:46:27] [35/77] orca | acetic_acid 13C | OK in 7.2s - MAE 1.90 max 3.18 ppm (n=2)
[15:46:27] [36/77] orca | acetic_acid 1H | predicting ...
[15:46:35] [36/77] orca | acetic_acid 1H | OK in 7.2s - MAE 2.62 max 5.16 ppm (n=2)
[15:46:35] [37/77] orca | formic_acid 13C | predicting ...
[15:46:40] [37/77] orca | formic_acid 13C | OK in 5.2s - MAE 4.39 max 4.39 ppm (n=1)
[15:46:40] [38/77] orca | formic_acid 1H | predicting ...
[15:46:45] [38/77] orca | formic_acid 1H | OK in 5.1s - MAE 2.27 max 4.52 ppm (n=2)
[15:46:45] [39/77] orca | benzoic_acid 13C | predicting ...
[15:47:08] [39/77] orca | benzoic_acid 13C | OK in 23.2s - MAE 2.20 max 2.20 ppm (n=1)
[15:47:08] [40/77] orca | benzoic_acid 1H | predicting ...
[15:47:30] [40/77] orca | benzoic_acid 1H | OK in 21.8s - MAE 5.60 max 5.60 ppm (n=1)
[15:47:30] [41/77] orca | chloroform 13C | predicting ...
[15:47:37] [41/77] orca | chloroform 13C | OK in 7.2s - MAE 21.39 max 21.39 ppm (n=1)
[15:47:37] [42/77] orca | chloroform 1H | predicting ...
[15:47:44] [42/77] orca | chloroform 1H | OK in 7.2s - MAE 0.00 max 0.00 ppm (n=1)
[15:47:44] [43/77] orca | dichloromethane 13C | predicting ...
[15:47:50] [43/77] orca | dichloromethane 13C | OK in 5.5s - MAE 9.82 max 9.82 ppm (n=1)
[15:47:50] [44/77] orca | dichloromethane 1H | predicting ...
[15:47:55] [44/77] orca | dichloromethane 1H | OK in 5.6s - MAE 0.09 max 0.09 ppm (n=1)
[15:47:55] [45/77] orca | methanol 13C | predicting ...
[15:48:00] [45/77] orca | methanol 13C | OK in 5.0s - MAE 2.91 max 2.91 ppm (n=1)
[15:48:00] [46/77] orca | methanol 1H | predicting ...
[15:48:05] [46/77] orca | methanol 1H | OK in 4.9s - MAE 1.22 max 2.28 ppm (n=2)
[15:48:05] [47/77] orca | acetonitrile 13C | predicting ...
[15:48:10] [47/77] orca | acetonitrile 13C | OK in 5.1s - MAE 3.20 max 5.05 ppm (n=2)
[15:48:10] [48/77] orca | acetonitrile 1H | predicting ...
[15:48:15] [48/77] orca | acetonitrile 1H | OK in 5.0s - MAE 0.24 max 0.24 ppm (n=1)
[15:48:15] [49/77] orca | dmso 13C | predicting ...
[15:48:26] [49/77] orca | dmso 13C | OK in 10.4s - MAE 2.50 max 2.50 ppm (n=1)
[15:48:26] [50/77] orca | dmso 1H | predicting ...
[15:48:36] [50/77] orca | dmso 1H | OK in 10.2s - MAE 0.33 max 0.33 ppm (n=1)
[15:48:36] [51/77] orca | iodomethane 13C | predicting ...
[15:48:44] [51/77] orca | iodomethane 13C | OK in 8.5s - MAE 21.66 max 21.66 ppm (n=1)
[15:48:44] [52/77] orca | iodomethane 1H | predicting ...
[15:48:52] [52/77] orca | iodomethane 1H | OK in 8.0s - MAE 0.37 max 0.37 ppm (n=1)
[15:48:52] [53/77] orca | ethylene 13C | predicting ...
[15:48:57] [53/77] orca | ethylene 13C | OK in 4.7s - MAE 9.81 max 9.81 ppm (n=1)
[15:48:57] [54/77] orca | ethylene 1H | predicting ...
[15:49:02] [54/77] orca | ethylene 1H | OK in 4.6s - MAE 0.56 max 0.56 ppm (n=1)
[15:49:02] [55/77] orca | acetylene 13C | predicting ...
[15:49:05] [55/77] orca | acetylene 13C | OK in 3.8s - MAE 3.11 max 3.11 ppm (n=1)
[15:49:05] [56/77] orca | acetylene 1H | predicting ...
[15:49:09] [56/77] orca | acetylene 1H | OK in 3.7s - MAE 0.35 max 0.35 ppm (n=1)
[15:49:09] [57/77] orca | cyclopropane 13C | predicting ...
[15:49:16] [57/77] orca | cyclopropane 13C | OK in 6.8s - MAE 1.10 max 1.10 ppm (n=1)
[15:49:16] [58/77] orca | cyclopropane 1H | predicting ...
[15:49:23] [58/77] orca | cyclopropane 1H | OK in 6.8s - MAE 0.01 max 0.01 ppm (n=1)
[15:49:23] [59/77] orca | styrene 13C | predicting ...
[15:49:42] [59/77] orca | styrene 13C | OK in 18.9s - MAE 11.26 max 12.23 ppm (n=2)
[15:49:42] [60/77] orca | styrene 1H | predicting ...
[15:50:01] [60/77] orca | styrene 1H | OK in 19.0s - MAE 0.72 max 0.72 ppm (n=1)
[15:50:01] [61/77] orca | furan 13C | predicting ...
[15:50:10] [61/77] orca | furan 13C | OK in 9.8s - MAE 8.17 max 8.81 ppm (n=2)
[15:50:10] [62/77] orca | furan 1H | predicting ...
[15:50:20] [62/77] orca | furan 1H | OK in 9.8s - MAE 0.43 max 0.47 ppm (n=2)
[15:50:20] [63/77] orca | adamantane 13C | predicting ...
[15:50:55] [63/77] orca | adamantane 13C | OK in 35.2s - MAE 2.39 max 2.93 ppm (n=2)
[15:50:55] [64/77] orca | adamantane 1H | predicting ...
[15:51:31] [64/77] orca | adamantane 1H | OK in 35.2s - MAE 0.14 max 0.26 ppm (n=2)
[15:51:31] [65/77] orca | camphor 13C | predicting ...
[15:52:13] [65/77] orca | camphor 13C | OK in 42.0s - MAE 13.46 max 13.46 ppm (n=1)
[15:52:13] [66/77] orca | menthol 13C | predicting ...
[15:52:57] [66/77] orca | menthol 13C | OK in 44.4s - MAE 2.77 max 2.77 ppm (n=1)
[15:52:57] [67/77] orca | menthol 1H | predicting ...
[15:53:44] [67/77] orca | menthol 1H | OK in 47.0s - MAE 2.20 max 2.20 ppm (n=1)
[15:53:44] [68/77] orca | caffeine 13C | predicting ...
[15:54:29] [68/77] orca | caffeine 13C | OK in 45.5s - MAE 5.95 max 5.95 ppm (n=1)
[15:54:29] [69/77] orca | caffeine 1H | predicting ...
[15:55:15] [69/77] orca | caffeine 1H | OK in 45.7s - MAE 0.07 max 0.07 ppm (n=1)
[15:55:15] [70/77] orca | ibuprofen 13C | predicting ...
[15:56:22] [70/77] orca | ibuprofen 13C | OK in 1m06.9s - MAE 4.28 max 6.40 ppm (n=2)
[15:56:22] [71/77] orca | ibuprofen 1H | predicting ...
[15:57:31] [71/77] orca | ibuprofen 1H | OK in 1m08.4s - MAE 2.66 max 5.28 ppm (n=2)
[15:57:31] [72/77] orca | anthracene 13C | predicting ...
[15:58:15] [72/77] orca | anthracene 13C | OK in 44.5s - MAE 7.75 max 9.26 ppm (n=4)
[15:58:15] [73/77] orca | anthracene 1H | predicting ...
[15:58:59] [73/77] orca | anthracene 1H | OK in 44.3s - MAE 0.63 max 0.69 ppm (n=3)
[15:58:59] [74/77] orca | testosterone 13C | predicting ...
[16:01:27] [74/77] orca | testosterone 13C | OK in 2m27.8s - MAE 7.10 max 9.51 ppm (n=4)
[16:01:27] [75/77] orca | testosterone 1H | predicting ...
[16:03:55] [75/77] orca | testosterone 1H | OK in 2m28.3s - MAE 0.63 max 1.12 ppm (n=3)
[16:03:55] [76/77] orca | cholesterol 13C | predicting ...
[16:07:59] [76/77] orca | cholesterol 13C | OK in 4m03.2s - MAE 8.34 max 10.89 ppm (n=3)
[16:07:59] [77/77] orca | cholesterol 1H | predicting ...
[16:12:03] [77/77] orca | cholesterol 1H | OK in 4m03.9s - MAE 0.52 max 1.09 ppm (n=3)
[16:12:03] orca: done in 33m23.5s - 77 ok, 0 error, 0 skipped
[16:12:03] -- Level 11 done in 33m23.5s - 77 ok, 0 error --

[16:12:03] Sweep complete: 5 level(s) in 1h33m
# NMR Predict — Accuracy Benchmark

_Generated 2026-05-25T16:12:03_

## Run coverage

| Label | Nucleus | ok | skipped | error |
| --- | --- | --- | --- | --- |
| cascade | 13C | 39 | 0 | 0 |
| cascade | 1H | 38 | 0 | 0 |
| cdk | 13C | 35 | 0 | 0 |
| cdk | 1H | 38 | 0 | 0 |
| orca [B3LYP/pcSseg-1] | 13C | 38 | 0 | 0 |
| orca [B3LYP/pcSseg-1] | 1H | 37 | 0 | 0 |
| orca [B3LYP/pcSseg-2] | 13C | 38 | 0 | 0 |
| orca [B3LYP/pcSseg-2] | 1H | 37 | 0 | 0 |
| orca [B97-D3/def2-TZVP] | 13C | 39 | 0 | 0 |
| orca [B97-D3/def2-TZVP] | 1H | 38 | 0 | 0 |
| orca [PBE/def2-SVP] | 13C | 39 | 0 | 0 |
| orca [PBE/def2-SVP] | 1H | 38 | 0 | 0 |
| orca [PBE0/def2-TZVP] | 13C | 39 | 0 | 0 |
| orca [PBE0/def2-TZVP] | 1H | 38 | 0 | 0 |
| orca [PBE0/pcSseg-1] | 13C | 38 | 0 | 1 |
| orca [PBE0/pcSseg-1] | 1H | 37 | 0 | 1 |
| orca [TPSS/def2-SVP] | 13C | 39 | 0 | 0 |
| orca [TPSS/def2-SVP] | 1H | 38 | 0 | 0 |
| orca [TPSSh/pcSseg-1] | 13C | 38 | 0 | 1 |
| orca [TPSSh/pcSseg-1] | 1H | 37 | 0 | 1 |
| orca [r2SCAN/pcSseg-1] | 13C | 38 | 0 | 1 |
| orca [r2SCAN/pcSseg-1] | 1H | 37 | 0 | 1 |
| orca [wB97X-D3/def2-TZVP] | 13C | 39 | 0 | 0 |
| orca [wB97X-D3/def2-TZVP] | 1H | 38 | 0 | 0 |
| orca [wB97X-D3/pcSseg-1] | 13C | 38 | 0 | 1 |
| orca [wB97X-D3/pcSseg-1] | 1H | 37 | 0 | 1 |

## Overall accuracy

| Label | Nucleus | n | MAE | RMSE | Max err | Bias | R² | Scaled MAE | Total s | s/heavy atom |
| --- | --- | --- | --- | --- | --- | --- | --- | --- | --- | --- |
| cascade | 13C | 70 | 1.742 | 4.553 | 32.686 | 0.377 | 0.995 | 2.037 | 5.703 | 0.021 |
| cascade | 1H | 63 | 0.893 | 2.011 | 7.837 | -0.171 | 0.621 | 0.963 | 2.874 | 0.011 |
| cdk | 13C | 66 | 3.057 | 5.981 | 33.189 | -0.433 | 0.990 | 3.418 | 0.101 | 0.000 |
| cdk | 1H | 63 | 0.627 | 1.203 | 4.847 | 0.304 | 0.864 | 0.659 | 0.064 | 0.000 |
| orca [B3LYP/pcSseg-1] | 13C | 69 | 6.524 | 8.113 | 31.527 | 6.431 | 0.982 | 2.524 | 448.201 | 1.679 |
| orca [B3LYP/pcSseg-1] | 1H | 62 | 0.670 | 1.436 | 5.541 | -0.437 | 0.808 | 0.865 | 429.471 | 1.678 |
| orca [B3LYP/pcSseg-2] | 13C | 69 | 9.545 | 11.232 | 33.257 | 9.416 | 0.966 | 2.488 | 1030.375 | 3.859 |
| orca [B3LYP/pcSseg-2] | 1H | 62 | 0.694 | 1.374 | 5.334 | -0.314 | 0.824 | 0.826 | 966.428 | 3.775 |
| orca [B97-D3/def2-TZVP] | 13C | 70 | 4.333 | 6.916 | 34.476 | 2.765 | 0.988 | 3.895 | 453.633 | 1.686 |
| orca [B97-D3/def2-TZVP] | 1H | 63 | 0.764 | 1.528 | 5.838 | -0.390 | 0.781 | 0.915 | 429.425 | 1.664 |
| orca [PBE/def2-SVP] | 13C | 70 | 4.469 | 7.057 | 30.860 | -1.168 | 0.987 | 3.706 | 235.162 | 0.874 |
| orca [PBE/def2-SVP] | 1H | 63 | 0.783 | 1.663 | 6.234 | -0.684 | 0.740 | 0.967 | 227.443 | 0.882 |
| orca [PBE0/def2-TZVP] | 13C | 70 | 6.034 | 7.751 | 26.976 | 5.888 | 0.985 | 2.671 | 786.165 | 2.923 |
| orca [PBE0/def2-TZVP] | 1H | 63 | 0.761 | 1.500 | 5.678 | -0.381 | 0.789 | 0.890 | 758.390 | 2.939 |
| orca [PBE0/pcSseg-1] | 13C | 69 | 5.632 | 7.233 | 27.296 | 5.554 | 0.986 | 2.388 | 448.171 | 1.666 |
| orca [PBE0/pcSseg-1] | 1H | 62 | 0.689 | 1.426 | 5.439 | -0.406 | 0.810 | 0.858 | 425.385 | 1.649 |
| orca [TPSS/def2-SVP] | 13C | 70 | 5.246 | 7.773 | 29.583 | -2.487 | 0.984 | 3.521 | 306.960 | 1.141 |
| orca [TPSS/def2-SVP] | 1H | 63 | 0.728 | 1.595 | 6.049 | -0.687 | 0.761 | 0.924 | 295.662 | 1.146 |
| orca [TPSSh/pcSseg-1] | 13C | 69 | 3.737 | 5.418 | 28.830 | 3.254 | 0.992 | 2.509 | 495.834 | 1.843 |
| orca [TPSSh/pcSseg-1] | 1H | 62 | 0.658 | 1.415 | 5.443 | -0.431 | 0.813 | 0.856 | 474.422 | 1.839 |
| orca [r2SCAN/pcSseg-1] | 13C | 69 | 4.920 | 6.705 | 33.752 | 4.459 | 0.988 | 2.962 | 348.377 | 1.295 |
| orca [r2SCAN/pcSseg-1] | 1H | 62 | 0.709 | 1.415 | 5.413 | -0.333 | 0.813 | 0.859 | 334.137 | 1.295 |
| orca [wB97X-D3/def2-TZVP] | 13C | 70 | 6.096 | 7.617 | 21.660 | 5.992 | 0.985 | 2.414 | 1021.079 | 3.796 |
| orca [wB97X-D3/def2-TZVP] | 1H | 63 | 0.742 | 1.477 | 5.599 | -0.385 | 0.795 | 0.872 | 982.364 | 3.808 |
| orca [wB97X-D3/pcSseg-1] | 13C | 69 | 5.815 | 7.304 | 21.271 | 5.769 | 0.986 | 2.269 | 560.079 | 2.082 |
| orca [wB97X-D3/pcSseg-1] | 1H | 62 | 0.691 | 1.414 | 5.376 | -0.419 | 0.814 | 0.845 | 537.919 | 2.085 |

_Scaled MAE = MAE after a least-squares linear correction (removes systematic bias; rewards levels that are linear-but-offset)._

## Per-scenario accuracy

| Label | Nucleus | Scenario | n | MAE | RMSE | Max err | Bias |
| --- | --- | --- | --- | --- | --- | --- | --- |
| cascade | 13C | aliphatic | 11 | 0.718 | 0.936 | 1.997 | 0.378 |
| cascade | 13C | aromatic | 13 | 0.358 | 0.514 | 1.410 | 0.289 |
| cascade | 13C | carbonyl | 10 | 0.831 | 1.207 | 2.604 | -0.779 |
| cascade | 13C | carboxylic_acid | 4 | 3.695 | 4.248 | 5.383 | -3.695 |
| cascade | 13C | conjugated_strained | 7 | 1.070 | 1.264 | 2.415 | 0.667 |
| cascade | 13C | heteroatom_halogen | 7 | 7.777 | 13.456 | 32.686 | 6.764 |
| cascade | 13C | larger | 18 | 1.353 | 2.010 | 5.320 | -0.610 |
| cascade | 1H | aliphatic | 12 | 0.519 | 0.902 | 2.245 | 0.485 |
| cascade | 1H | aromatic | 10 | 0.087 | 0.152 | 0.457 | -0.030 |
| cascade | 1H | carbonyl | 8 | 0.232 | 0.310 | 0.663 | -0.162 |
| cascade | 1H | carboxylic_acid | 5 | 4.176 | 5.320 | 7.837 | -4.176 |
| cascade | 1H | conjugated_strained | 6 | 0.202 | 0.308 | 0.689 | 0.173 |
| cascade | 1H | heteroatom_halogen | 7 | 1.097 | 1.667 | 4.063 | 0.403 |
| cascade | 1H | larger | 15 | 1.171 | 2.345 | 7.023 | 0.134 |
| cdk | 13C | aliphatic | 10 | 3.939 | 6.321 | 13.630 | 1.929 |
| cdk | 13C | aromatic | 13 | 3.569 | 4.931 | 12.281 | -3.110 |
| cdk | 13C | carbonyl | 10 | 0.465 | 0.738 | 1.954 | -0.085 |
| cdk | 13C | carboxylic_acid | 4 | 3.037 | 3.792 | 5.782 | -3.037 |
| cdk | 13C | conjugated_strained | 7 | 7.627 | 13.225 | 33.189 | 4.027 |
| cdk | 13C | heteroatom_halogen | 4 | 0.375 | 0.541 | 1.000 | -0.325 |
| cdk | 13C | larger | 18 | 2.461 | 4.455 | 13.399 | -1.183 |
| cdk | 1H | aliphatic | 12 | 0.924 | 1.455 | 4.243 | 0.924 |
| cdk | 1H | aromatic | 10 | 0.160 | 0.281 | 0.812 | 0.122 |
| cdk | 1H | carbonyl | 8 | 0.120 | 0.141 | 0.257 | 0.035 |
| cdk | 1H | carboxylic_acid | 5 | 1.019 | 1.880 | 4.153 | -0.670 |
| cdk | 1H | conjugated_strained | 6 | 0.564 | 0.860 | 1.865 | 0.523 |
| cdk | 1H | heteroatom_halogen | 7 | 1.266 | 2.139 | 4.847 | 0.225 |
| cdk | 1H | larger | 15 | 0.569 | 0.843 | 1.849 | 0.348 |
| orca [B3LYP/pcSseg-1] | 13C | aliphatic | 11 | 3.339 | 3.712 | 6.240 | 2.864 |
| orca [B3LYP/pcSseg-1] | 13C | aromatic | 13 | 6.618 | 7.139 | 10.977 | 6.618 |
| orca [B3LYP/pcSseg-1] | 13C | carbonyl | 10 | 6.671 | 7.798 | 12.896 | 6.671 |
| orca [B3LYP/pcSseg-1] | 13C | carboxylic_acid | 4 | 2.146 | 2.493 | 3.982 | 1.841 |
| orca [B3LYP/pcSseg-1] | 13C | conjugated_strained | 7 | 7.792 | 8.886 | 13.232 | 7.792 |
| orca [B3LYP/pcSseg-1] | 13C | heteroatom_halogen | 6 | 10.233 | 14.868 | 31.527 | 10.233 |
| orca [B3LYP/pcSseg-1] | 13C | larger | 18 | 7.566 | 8.218 | 14.952 | 7.566 |
| orca [B3LYP/pcSseg-1] | 1H | aliphatic | 12 | 0.555 | 0.961 | 2.018 | -0.408 |
| orca [B3LYP/pcSseg-1] | 1H | aromatic | 10 | 0.186 | 0.210 | 0.298 | 0.180 |
| orca [B3LYP/pcSseg-1] | 1H | carbonyl | 8 | 0.098 | 0.123 | 0.271 | 0.040 |
| orca [B3LYP/pcSseg-1] | 1H | carboxylic_acid | 5 | 3.038 | 3.895 | 5.541 | -3.028 |
| orca [B3LYP/pcSseg-1] | 1H | conjugated_strained | 6 | 0.285 | 0.321 | 0.461 | 0.126 |
| orca [B3LYP/pcSseg-1] | 1H | heteroatom_halogen | 6 | 0.561 | 0.939 | 2.234 | -0.333 |
| orca [B3LYP/pcSseg-1] | 1H | larger | 15 | 0.797 | 1.517 | 5.201 | -0.531 |
| orca [B3LYP/pcSseg-2] | 13C | aliphatic | 11 | 4.798 | 5.310 | 8.391 | 4.106 |
| orca [B3LYP/pcSseg-2] | 13C | aromatic | 13 | 10.323 | 10.950 | 15.552 | 10.323 |
| orca [B3LYP/pcSseg-2] | 13C | carbonyl | 10 | 10.128 | 12.280 | 20.244 | 10.128 |
| orca [B3LYP/pcSseg-2] | 13C | carboxylic_acid | 4 | 5.960 | 6.748 | 8.376 | 5.637 |
| orca [B3LYP/pcSseg-2] | 13C | conjugated_strained | 7 | 10.043 | 11.487 | 17.586 | 10.043 |
| orca [B3LYP/pcSseg-2] | 13C | heteroatom_halogen | 6 | 11.350 | 15.799 | 33.257 | 11.350 |
| orca [B3LYP/pcSseg-2] | 13C | larger | 18 | 11.560 | 12.303 | 22.050 | 11.560 |
| orca [B3LYP/pcSseg-2] | 1H | aliphatic | 12 | 0.494 | 0.862 | 1.828 | -0.358 |
| orca [B3LYP/pcSseg-2] | 1H | aromatic | 10 | 0.326 | 0.347 | 0.457 | 0.326 |
| orca [B3LYP/pcSseg-2] | 1H | carbonyl | 8 | 0.204 | 0.302 | 0.594 | 0.186 |
| orca [B3LYP/pcSseg-2] | 1H | carboxylic_acid | 5 | 2.897 | 3.718 | 5.334 | -2.833 |
| orca [B3LYP/pcSseg-2] | 1H | conjugated_strained | 6 | 0.418 | 0.466 | 0.678 | 0.245 |
| orca [B3LYP/pcSseg-2] | 1H | heteroatom_halogen | 6 | 0.556 | 0.838 | 1.943 | -0.238 |
| orca [B3LYP/pcSseg-2] | 1H | larger | 15 | 0.792 | 1.451 | 5.002 | -0.386 |
| orca [B97-D3/def2-TZVP] | 13C | aliphatic | 11 | 3.977 | 4.767 | 7.616 | 3.346 |
| orca [B97-D3/def2-TZVP] | 13C | aromatic | 13 | 1.972 | 2.286 | 3.672 | 0.583 |
| orca [B97-D3/def2-TZVP] | 13C | carbonyl | 10 | 2.717 | 3.156 | 5.000 | 1.921 |
| orca [B97-D3/def2-TZVP] | 13C | carboxylic_acid | 4 | 4.681 | 4.985 | 6.404 | -4.681 |
| orca [B97-D3/def2-TZVP] | 13C | conjugated_strained | 7 | 2.792 | 3.467 | 6.481 | 1.328 |
| orca [B97-D3/def2-TZVP] | 13C | heteroatom_halogen | 7 | 13.369 | 18.243 | 34.476 | 12.329 |
| orca [B97-D3/def2-TZVP] | 13C | larger | 18 | 4.164 | 4.816 | 8.277 | 2.947 |
| orca [B97-D3/def2-TZVP] | 1H | aliphatic | 12 | 0.624 | 1.075 | 2.294 | -0.439 |
| orca [B97-D3/def2-TZVP] | 1H | aromatic | 10 | 0.239 | 0.268 | 0.390 | 0.239 |
| orca [B97-D3/def2-TZVP] | 1H | carbonyl | 8 | 0.244 | 0.387 | 0.785 | 0.223 |
| orca [B97-D3/def2-TZVP] | 1H | carboxylic_acid | 5 | 3.193 | 4.094 | 5.838 | -3.142 |
| orca [B97-D3/def2-TZVP] | 1H | conjugated_strained | 6 | 0.361 | 0.409 | 0.620 | 0.188 |
| orca [B97-D3/def2-TZVP] | 1H | heteroatom_halogen | 7 | 0.661 | 1.016 | 2.493 | -0.225 |
| orca [B97-D3/def2-TZVP] | 1H | larger | 15 | 0.904 | 1.617 | 5.430 | -0.488 |
| orca [PBE/def2-SVP] | 13C | aliphatic | 11 | 1.555 | 1.748 | 3.429 | 0.655 |
| orca [PBE/def2-SVP] | 13C | aromatic | 13 | 3.691 | 4.253 | 8.669 | -2.992 |
| orca [PBE/def2-SVP] | 13C | carbonyl | 10 | 3.225 | 4.529 | 11.678 | -2.832 |
| orca [PBE/def2-SVP] | 13C | carboxylic_acid | 4 | 11.453 | 12.217 | 14.503 | -11.453 |
| orca [PBE/def2-SVP] | 13C | conjugated_strained | 7 | 2.953 | 3.514 | 6.045 | -1.360 |
| orca [PBE/def2-SVP] | 13C | heteroatom_halogen | 7 | 12.193 | 16.619 | 30.860 | 8.730 |
| orca [PBE/def2-SVP] | 13C | larger | 18 | 3.538 | 4.686 | 10.814 | -1.528 |
| orca [PBE/def2-SVP] | 1H | aliphatic | 12 | 0.702 | 1.282 | 2.680 | -0.644 |
| orca [PBE/def2-SVP] | 1H | aromatic | 10 | 0.091 | 0.122 | 0.274 | -0.031 |
| orca [PBE/def2-SVP] | 1H | carbonyl | 8 | 0.223 | 0.234 | 0.332 | -0.122 |
| orca [PBE/def2-SVP] | 1H | carboxylic_acid | 5 | 3.568 | 4.415 | 6.234 | -3.568 |
| orca [PBE/def2-SVP] | 1H | conjugated_strained | 6 | 0.299 | 0.391 | 0.828 | -0.104 |
| orca [PBE/def2-SVP] | 1H | heteroatom_halogen | 7 | 0.687 | 1.155 | 2.921 | -0.560 |
| orca [PBE/def2-SVP] | 1H | larger | 15 | 0.916 | 1.756 | 5.746 | -0.780 |
| orca [PBE0/def2-TZVP] | 13C | aliphatic | 11 | 2.625 | 3.022 | 4.819 | 1.931 |
| orca [PBE0/def2-TZVP] | 13C | aromatic | 13 | 6.052 | 6.571 | 10.190 | 6.052 |
| orca [PBE0/def2-TZVP] | 13C | carbonyl | 10 | 6.265 | 7.683 | 12.522 | 6.265 |
| orca [PBE0/def2-TZVP] | 13C | carboxylic_acid | 4 | 2.102 | 2.370 | 3.732 | 1.457 |
| orca [PBE0/def2-TZVP] | 13C | conjugated_strained | 7 | 6.974 | 7.924 | 12.297 | 6.974 |
| orca [PBE0/def2-TZVP] | 13C | heteroatom_halogen | 7 | 10.878 | 14.848 | 26.976 | 10.878 |
| orca [PBE0/def2-TZVP] | 13C | larger | 18 | 6.600 | 7.255 | 13.189 | 6.600 |
| orca [PBE0/def2-TZVP] | 1H | aliphatic | 12 | 0.559 | 1.055 | 2.275 | -0.503 |
| orca [PBE0/def2-TZVP] | 1H | aromatic | 10 | 0.392 | 0.424 | 0.555 | 0.392 |
| orca [PBE0/def2-TZVP] | 1H | carbonyl | 8 | 0.216 | 0.318 | 0.615 | 0.151 |
| orca [PBE0/def2-TZVP] | 1H | carboxylic_acid | 5 | 3.113 | 4.000 | 5.678 | -3.089 |
| orca [PBE0/def2-TZVP] | 1H | conjugated_strained | 6 | 0.429 | 0.480 | 0.744 | 0.272 |
| orca [PBE0/def2-TZVP] | 1H | heteroatom_halogen | 7 | 0.549 | 0.934 | 2.392 | -0.358 |
| orca [PBE0/def2-TZVP] | 1H | larger | 15 | 0.907 | 1.597 | 5.326 | -0.449 |
| orca [PBE0/pcSseg-1] | 13C | aliphatic | 11 | 1.978 | 2.352 | 4.194 | 1.594 |
| orca [PBE0/pcSseg-1] | 13C | aromatic | 13 | 5.966 | 6.552 | 10.448 | 5.966 |
| orca [PBE0/pcSseg-1] | 13C | carbonyl | 10 | 6.151 | 7.305 | 11.850 | 6.151 |
| orca [PBE0/pcSseg-1] | 13C | carboxylic_acid | 4 | 1.693 | 2.218 | 4.048 | 1.412 |
| orca [PBE0/pcSseg-1] | 13C | conjugated_strained | 7 | 8.124 | 8.959 | 12.361 | 8.124 |
| orca [PBE0/pcSseg-1] | 13C | heteroatom_halogen | 6 | 9.018 | 12.853 | 27.296 | 9.018 |
| orca [PBE0/pcSseg-1] | 13C | larger | 18 | 6.113 | 7.010 | 12.855 | 6.113 |
| orca [PBE0/pcSseg-1] | 1H | aliphatic | 12 | 0.545 | 0.964 | 2.049 | -0.440 |
| orca [PBE0/pcSseg-1] | 1H | aromatic | 10 | 0.291 | 0.316 | 0.448 | 0.291 |
| orca [PBE0/pcSseg-1] | 1H | carbonyl | 8 | 0.105 | 0.135 | 0.272 | 0.044 |
| orca [PBE0/pcSseg-1] | 1H | carboxylic_acid | 5 | 2.996 | 3.839 | 5.439 | -2.985 |
| orca [PBE0/pcSseg-1] | 1H | conjugated_strained | 6 | 0.342 | 0.378 | 0.511 | 0.203 |
| orca [PBE0/pcSseg-1] | 1H | heteroatom_halogen | 6 | 0.519 | 0.929 | 2.231 | -0.369 |
| orca [PBE0/pcSseg-1] | 1H | larger | 15 | 0.819 | 1.507 | 5.141 | -0.481 |
| orca [TPSS/def2-SVP] | 13C | aliphatic | 11 | 1.015 | 1.647 | 4.735 | 0.445 |
| orca [TPSS/def2-SVP] | 13C | aromatic | 13 | 5.773 | 6.260 | 10.846 | -5.018 |
| orca [TPSS/def2-SVP] | 13C | carbonyl | 10 | 4.138 | 5.645 | 12.545 | -3.817 |
| orca [TPSS/def2-SVP] | 13C | carboxylic_acid | 4 | 11.638 | 12.605 | 14.841 | -11.638 |
| orca [TPSS/def2-SVP] | 13C | conjugated_strained | 7 | 4.704 | 5.305 | 8.509 | -3.856 |
| orca [TPSS/def2-SVP] | 13C | heteroatom_halogen | 7 | 12.016 | 16.726 | 29.583 | 8.606 |
| orca [TPSS/def2-SVP] | 13C | larger | 18 | 4.222 | 5.681 | 11.421 | -3.459 |
| orca [TPSS/def2-SVP] | 1H | aliphatic | 12 | 0.654 | 1.205 | 2.519 | -0.621 |
| orca [TPSS/def2-SVP] | 1H | aromatic | 10 | 0.088 | 0.147 | 0.343 | -0.086 |
| orca [TPSS/def2-SVP] | 1H | carbonyl | 8 | 0.203 | 0.239 | 0.461 | -0.203 |
| orca [TPSS/def2-SVP] | 1H | carboxylic_acid | 5 | 3.457 | 4.280 | 6.049 | -3.457 |
| orca [TPSS/def2-SVP] | 1H | conjugated_strained | 6 | 0.210 | 0.290 | 0.634 | -0.138 |
| orca [TPSS/def2-SVP] | 1H | heteroatom_halogen | 7 | 0.604 | 1.054 | 2.683 | -0.518 |
| orca [TPSS/def2-SVP] | 1H | larger | 15 | 0.850 | 1.681 | 5.580 | -0.775 |
| orca [TPSSh/pcSseg-1] | 13C | aliphatic | 11 | 2.257 | 2.820 | 5.715 | 2.172 |
| orca [TPSSh/pcSseg-1] | 13C | aromatic | 13 | 2.954 | 3.236 | 5.412 | 2.327 |
| orca [TPSSh/pcSseg-1] | 13C | carbonyl | 10 | 3.530 | 4.159 | 7.691 | 3.530 |
| orca [TPSSh/pcSseg-1] | 13C | carboxylic_acid | 4 | 1.738 | 2.080 | 3.208 | -1.738 |
| orca [TPSSh/pcSseg-1] | 13C | conjugated_strained | 7 | 4.232 | 4.770 | 7.464 | 3.967 |
| orca [TPSSh/pcSseg-1] | 13C | heteroatom_halogen | 6 | 8.979 | 13.556 | 28.830 | 8.979 |
| orca [TPSSh/pcSseg-1] | 13C | larger | 18 | 3.827 | 4.407 | 8.338 | 3.354 |
| orca [TPSSh/pcSseg-1] | 1H | aliphatic | 12 | 0.549 | 0.956 | 2.016 | -0.417 |
| orca [TPSSh/pcSseg-1] | 1H | aromatic | 10 | 0.187 | 0.209 | 0.296 | 0.176 |
| orca [TPSSh/pcSseg-1] | 1H | carbonyl | 8 | 0.091 | 0.103 | 0.185 | 0.018 |
| orca [TPSSh/pcSseg-1] | 1H | carboxylic_acid | 5 | 2.992 | 3.834 | 5.443 | -2.975 |
| orca [TPSSh/pcSseg-1] | 1H | conjugated_strained | 6 | 0.234 | 0.258 | 0.320 | 0.129 |
| orca [TPSSh/pcSseg-1] | 1H | heteroatom_halogen | 6 | 0.559 | 0.936 | 2.227 | -0.317 |
| orca [TPSSh/pcSseg-1] | 1H | larger | 15 | 0.793 | 1.493 | 5.122 | -0.509 |
| orca [r2SCAN/pcSseg-1] | 13C | aliphatic | 11 | 4.167 | 4.734 | 7.427 | 4.048 |
| orca [r2SCAN/pcSseg-1] | 13C | aromatic | 13 | 3.604 | 3.900 | 6.076 | 3.045 |
| orca [r2SCAN/pcSseg-1] | 13C | carbonyl | 10 | 4.044 | 4.461 | 6.790 | 4.002 |
| orca [r2SCAN/pcSseg-1] | 13C | carboxylic_acid | 4 | 2.043 | 2.523 | 3.826 | -1.907 |
| orca [r2SCAN/pcSseg-1] | 13C | conjugated_strained | 7 | 5.915 | 6.485 | 9.770 | 5.915 |
| orca [r2SCAN/pcSseg-1] | 13C | heteroatom_halogen | 6 | 11.246 | 16.194 | 33.752 | 11.246 |
| orca [r2SCAN/pcSseg-1] | 13C | larger | 18 | 4.961 | 5.604 | 8.959 | 4.569 |
| orca [r2SCAN/pcSseg-1] | 1H | aliphatic | 12 | 0.546 | 0.920 | 1.943 | -0.363 |
| orca [r2SCAN/pcSseg-1] | 1H | aromatic | 10 | 0.306 | 0.330 | 0.482 | 0.306 |
| orca [r2SCAN/pcSseg-1] | 1H | carbonyl | 8 | 0.136 | 0.192 | 0.423 | 0.125 |
| orca [r2SCAN/pcSseg-1] | 1H | carboxylic_acid | 5 | 2.970 | 3.817 | 5.413 | -2.937 |
| orca [r2SCAN/pcSseg-1] | 1H | conjugated_strained | 6 | 0.345 | 0.391 | 0.536 | 0.267 |
| orca [r2SCAN/pcSseg-1] | 1H | heteroatom_halogen | 6 | 0.626 | 0.949 | 2.179 | -0.203 |
| orca [r2SCAN/pcSseg-1] | 1H | larger | 15 | 0.838 | 1.491 | 5.110 | -0.402 |
| orca [wB97X-D3/def2-TZVP] | 13C | aliphatic | 11 | 2.026 | 2.323 | 3.905 | 1.478 |
| orca [wB97X-D3/def2-TZVP] | 13C | aromatic | 13 | 6.878 | 7.515 | 11.223 | 6.878 |
| orca [wB97X-D3/def2-TZVP] | 13C | carbonyl | 10 | 6.711 | 8.159 | 12.510 | 6.711 |
| orca [wB97X-D3/def2-TZVP] | 13C | carboxylic_acid | 4 | 2.597 | 2.943 | 4.392 | 2.293 |
| orca [wB97X-D3/def2-TZVP] | 13C | conjugated_strained | 7 | 7.556 | 8.426 | 12.227 | 7.556 |
| orca [wB97X-D3/def2-TZVP] | 13C | heteroatom_halogen | 7 | 9.241 | 12.335 | 21.660 | 9.241 |
| orca [wB97X-D3/def2-TZVP] | 13C | larger | 18 | 6.664 | 7.473 | 13.465 | 6.664 |
| orca [wB97X-D3/def2-TZVP] | 1H | aliphatic | 12 | 0.546 | 1.020 | 2.220 | -0.492 |
| orca [wB97X-D3/def2-TZVP] | 1H | aromatic | 10 | 0.408 | 0.445 | 0.580 | 0.408 |
| orca [wB97X-D3/def2-TZVP] | 1H | carbonyl | 8 | 0.192 | 0.273 | 0.540 | 0.120 |
| orca [wB97X-D3/def2-TZVP] | 1H | carboxylic_acid | 5 | 3.074 | 3.961 | 5.599 | -3.067 |
| orca [wB97X-D3/def2-TZVP] | 1H | conjugated_strained | 6 | 0.417 | 0.470 | 0.717 | 0.301 |
| orca [wB97X-D3/def2-TZVP] | 1H | heteroatom_halogen | 7 | 0.498 | 0.891 | 2.284 | -0.451 |
| orca [wB97X-D3/def2-TZVP] | 1H | larger | 15 | 0.880 | 1.571 | 5.283 | -0.449 |
| orca [wB97X-D3/pcSseg-1] | 13C | aliphatic | 11 | 1.415 | 1.817 | 4.050 | 1.128 |
| orca [wB97X-D3/pcSseg-1] | 13C | aromatic | 13 | 6.751 | 7.407 | 11.529 | 6.751 |
| orca [wB97X-D3/pcSseg-1] | 13C | carbonyl | 10 | 6.850 | 8.111 | 12.629 | 6.850 |
| orca [wB97X-D3/pcSseg-1] | 13C | carboxylic_acid | 4 | 2.575 | 3.143 | 5.254 | 2.575 |
| orca [wB97X-D3/pcSseg-1] | 13C | conjugated_strained | 7 | 8.789 | 9.558 | 12.658 | 8.789 |
| orca [wB97X-D3/pcSseg-1] | 13C | heteroatom_halogen | 6 | 7.681 | 10.213 | 21.271 | 7.681 |
| orca [wB97X-D3/pcSseg-1] | 13C | larger | 18 | 6.194 | 7.336 | 13.470 | 6.194 |
| orca [wB97X-D3/pcSseg-1] | 1H | aliphatic | 12 | 0.555 | 0.953 | 2.046 | -0.447 |
| orca [wB97X-D3/pcSseg-1] | 1H | aromatic | 10 | 0.308 | 0.337 | 0.475 | 0.308 |
| orca [wB97X-D3/pcSseg-1] | 1H | carbonyl | 8 | 0.091 | 0.104 | 0.195 | 0.001 |
| orca [wB97X-D3/pcSseg-1] | 1H | carboxylic_acid | 5 | 2.989 | 3.812 | 5.376 | -2.978 |
| orca [wB97X-D3/pcSseg-1] | 1H | conjugated_strained | 6 | 0.327 | 0.365 | 0.520 | 0.223 |
| orca [wB97X-D3/pcSseg-1] | 1H | heteroatom_halogen | 6 | 0.535 | 0.909 | 2.175 | -0.464 |
| orca [wB97X-D3/pcSseg-1] | 1H | larger | 15 | 0.816 | 1.493 | 5.111 | -0.490 |

## Per-size accuracy and speed

| Label | Nucleus | Size bucket | n | MAE | RMSE | Total s | s/heavy atom |
| --- | --- | --- | --- | --- | --- | --- | --- |
| cascade | 13C | tiny (1-3 heavy atoms) | 15 | 3.545 | 8.643 | 3.130 | 0.108 |
| cascade | 13C | small (4-7 heavy atoms) | 24 | 1.403 | 3.085 | 0.124 | 0.002 |
| cascade | 13C | medium (8-14 heavy atoms) | 22 | 0.792 | 1.331 | 0.466 | 0.004 |
| cascade | 13C | large (15+ heavy atoms) | 9 | 1.960 | 2.648 | 1.983 | 0.031 |
| cascade | 1H | tiny (1-3 heavy atoms) | 17 | 1.019 | 1.799 | 0.360 | 0.012 |
| cascade | 1H | small (4-7 heavy atoms) | 22 | 0.619 | 1.746 | 0.122 | 0.002 |
| cascade | 1H | medium (8-14 heavy atoms) | 16 | 0.626 | 1.819 | 0.398 | 0.004 |
| cascade | 1H | large (15+ heavy atoms) | 8 | 1.915 | 3.157 | 1.994 | 0.031 |
| cdk | 13C | tiny (1-3 heavy atoms) | 12 | 5.784 | 10.924 | 0.005 | 0.000 |
| cdk | 13C | small (4-7 heavy atoms) | 23 | 2.064 | 4.125 | 0.019 | 0.000 |
| cdk | 13C | medium (8-14 heavy atoms) | 22 | 3.685 | 4.932 | 0.056 | 0.000 |
| cdk | 13C | large (15+ heavy atoms) | 9 | 0.425 | 0.562 | 0.021 | 0.000 |
| cdk | 1H | tiny (1-3 heavy atoms) | 17 | 1.167 | 1.965 | 0.007 | 0.000 |
| cdk | 1H | small (4-7 heavy atoms) | 22 | 0.409 | 0.789 | 0.015 | 0.000 |
| cdk | 1H | medium (8-14 heavy atoms) | 16 | 0.437 | 0.689 | 0.016 | 0.000 |
| cdk | 1H | large (15+ heavy atoms) | 8 | 0.462 | 0.726 | 0.026 | 0.000 |
| orca [B3LYP/pcSseg-1] | 13C | tiny (1-3 heavy atoms) | 14 | 5.276 | 6.952 | 41.328 | 1.531 |
| orca [B3LYP/pcSseg-1] | 13C | small (4-7 heavy atoms) | 24 | 6.178 | 8.761 | 89.449 | 1.398 |
| orca [B3LYP/pcSseg-1] | 13C | medium (8-14 heavy atoms) | 22 | 7.046 | 7.871 | 154.476 | 1.379 |
| orca [B3LYP/pcSseg-1] | 13C | large (15+ heavy atoms) | 9 | 8.115 | 8.563 | 162.947 | 2.546 |
| orca [B3LYP/pcSseg-1] | 1H | tiny (1-3 heavy atoms) | 16 | 0.701 | 1.345 | 40.512 | 1.500 |
| orca [B3LYP/pcSseg-1] | 1H | small (4-7 heavy atoms) | 22 | 0.502 | 1.230 | 89.138 | 1.393 |
| orca [B3LYP/pcSseg-1] | 1H | medium (8-14 heavy atoms) | 16 | 0.689 | 1.509 | 136.416 | 1.351 |
| orca [B3LYP/pcSseg-1] | 1H | large (15+ heavy atoms) | 8 | 1.032 | 1.912 | 163.405 | 2.553 |
| orca [B3LYP/pcSseg-2] | 13C | tiny (1-3 heavy atoms) | 14 | 6.867 | 8.872 | 57.129 | 2.116 |
| orca [B3LYP/pcSseg-2] | 13C | small (4-7 heavy atoms) | 24 | 8.872 | 11.389 | 147.968 | 2.312 |
| orca [B3LYP/pcSseg-2] | 13C | medium (8-14 heavy atoms) | 22 | 10.916 | 11.737 | 339.506 | 3.031 |
| orca [B3LYP/pcSseg-2] | 13C | large (15+ heavy atoms) | 9 | 12.154 | 12.734 | 485.772 | 7.590 |
| orca [B3LYP/pcSseg-2] | 1H | tiny (1-3 heavy atoms) | 16 | 0.683 | 1.262 | 57.040 | 2.113 |
| orca [B3LYP/pcSseg-2] | 1H | small (4-7 heavy atoms) | 22 | 0.529 | 1.169 | 147.132 | 2.299 |
| orca [B3LYP/pcSseg-2] | 1H | medium (8-14 heavy atoms) | 16 | 0.775 | 1.472 | 289.679 | 2.868 |
| orca [B3LYP/pcSseg-2] | 1H | large (15+ heavy atoms) | 8 | 1.008 | 1.832 | 472.575 | 7.384 |
| orca [B97-D3/def2-TZVP] | 13C | tiny (1-3 heavy atoms) | 15 | 6.202 | 9.337 | 40.850 | 1.409 |
| orca [B97-D3/def2-TZVP] | 13C | small (4-7 heavy atoms) | 24 | 4.274 | 7.872 | 77.321 | 1.208 |
| orca [B97-D3/def2-TZVP] | 13C | medium (8-14 heavy atoms) | 22 | 3.171 | 3.907 | 164.669 | 1.470 |
| orca [B97-D3/def2-TZVP] | 13C | large (15+ heavy atoms) | 9 | 4.219 | 4.916 | 170.793 | 2.669 |
| orca [B97-D3/def2-TZVP] | 1H | tiny (1-3 heavy atoms) | 17 | 0.765 | 1.428 | 39.830 | 1.373 |
| orca [B97-D3/def2-TZVP] | 1H | small (4-7 heavy atoms) | 22 | 0.586 | 1.311 | 77.901 | 1.217 |
| orca [B97-D3/def2-TZVP] | 1H | medium (8-14 heavy atoms) | 16 | 0.791 | 1.609 | 145.817 | 1.444 |
| orca [B97-D3/def2-TZVP] | 1H | large (15+ heavy atoms) | 8 | 1.200 | 2.035 | 165.877 | 2.592 |
| orca [PBE/def2-SVP] | 13C | tiny (1-3 heavy atoms) | 15 | 5.943 | 9.117 | 22.242 | 0.767 |
| orca [PBE/def2-SVP] | 13C | small (4-7 heavy atoms) | 24 | 4.595 | 7.933 | 45.325 | 0.708 |
| orca [PBE/def2-SVP] | 13C | medium (8-14 heavy atoms) | 22 | 3.554 | 4.795 | 85.724 | 0.765 |
| orca [PBE/def2-SVP] | 13C | large (15+ heavy atoms) | 9 | 3.916 | 4.977 | 81.870 | 1.279 |
| orca [PBE/def2-SVP] | 1H | tiny (1-3 heavy atoms) | 17 | 0.846 | 1.580 | 22.218 | 0.766 |
| orca [PBE/def2-SVP] | 1H | small (4-7 heavy atoms) | 22 | 0.647 | 1.456 | 45.689 | 0.714 |
| orca [PBE/def2-SVP] | 1H | medium (8-14 heavy atoms) | 16 | 0.700 | 1.723 | 75.560 | 0.748 |
| orca [PBE/def2-SVP] | 1H | large (15+ heavy atoms) | 8 | 1.185 | 2.172 | 83.977 | 1.312 |
| orca [PBE0/def2-TZVP] | 13C | tiny (1-3 heavy atoms) | 15 | 6.122 | 8.713 | 58.696 | 2.024 |
| orca [PBE0/def2-TZVP] | 13C | small (4-7 heavy atoms) | 24 | 5.257 | 7.669 | 118.465 | 1.851 |
| orca [PBE0/def2-TZVP] | 13C | medium (8-14 heavy atoms) | 22 | 6.400 | 7.193 | 267.869 | 2.392 |
| orca [PBE0/def2-TZVP] | 13C | large (15+ heavy atoms) | 9 | 7.063 | 7.577 | 341.134 | 5.330 |
| orca [PBE0/def2-TZVP] | 1H | tiny (1-3 heavy atoms) | 17 | 0.705 | 1.387 | 58.668 | 2.023 |
| orca [PBE0/def2-TZVP] | 1H | small (4-7 heavy atoms) | 22 | 0.590 | 1.289 | 118.609 | 1.853 |
| orca [PBE0/def2-TZVP] | 1H | medium (8-14 heavy atoms) | 16 | 0.862 | 1.595 | 233.040 | 2.307 |
| orca [PBE0/def2-TZVP] | 1H | large (15+ heavy atoms) | 8 | 1.147 | 1.993 | 348.072 | 5.439 |
| orca [PBE0/pcSseg-1] | 13C | tiny (1-3 heavy atoms) | 14 | 5.101 | 6.518 | 45.662 | 1.575 |
| orca [PBE0/pcSseg-1] | 13C | small (4-7 heavy atoms) | 24 | 5.108 | 7.639 | 88.459 | 1.382 |
| orca [PBE0/pcSseg-1] | 13C | medium (8-14 heavy atoms) | 22 | 6.154 | 7.202 | 150.531 | 1.344 |
| orca [PBE0/pcSseg-1] | 13C | large (15+ heavy atoms) | 9 | 6.578 | 7.253 | 163.519 | 2.555 |
| orca [PBE0/pcSseg-1] | 1H | tiny (1-3 heavy atoms) | 16 | 0.680 | 1.336 | 42.790 | 1.476 |
| orca [PBE0/pcSseg-1] | 1H | small (4-7 heavy atoms) | 22 | 0.527 | 1.224 | 87.079 | 1.361 |
| orca [PBE0/pcSseg-1] | 1H | medium (8-14 heavy atoms) | 16 | 0.749 | 1.497 | 132.707 | 1.314 |
| orca [PBE0/pcSseg-1] | 1H | large (15+ heavy atoms) | 8 | 1.033 | 1.893 | 162.810 | 2.544 |
| orca [TPSS/def2-SVP] | 13C | tiny (1-3 heavy atoms) | 15 | 6.619 | 9.925 | 25.860 | 0.892 |
| orca [TPSS/def2-SVP] | 13C | small (4-7 heavy atoms) | 24 | 5.016 | 8.229 | 57.302 | 0.895 |
| orca [TPSS/def2-SVP] | 13C | medium (8-14 heavy atoms) | 22 | 5.063 | 6.115 | 111.593 | 0.996 |
| orca [TPSS/def2-SVP] | 13C | large (15+ heavy atoms) | 9 | 4.016 | 5.817 | 112.205 | 1.753 |
| orca [TPSS/def2-SVP] | 1H | tiny (1-3 heavy atoms) | 17 | 0.751 | 1.499 | 25.912 | 0.893 |
| orca [TPSS/def2-SVP] | 1H | small (4-7 heavy atoms) | 22 | 0.631 | 1.401 | 56.506 | 0.883 |
| orca [TPSS/def2-SVP] | 1H | medium (8-14 heavy atoms) | 16 | 0.652 | 1.658 | 98.434 | 0.975 |
| orca [TPSS/def2-SVP] | 1H | large (15+ heavy atoms) | 8 | 1.098 | 2.092 | 114.810 | 1.794 |
| orca [TPSSh/pcSseg-1] | 13C | tiny (1-3 heavy atoms) | 14 | 3.838 | 5.379 | 44.840 | 1.546 |
| orca [TPSSh/pcSseg-1] | 13C | small (4-7 heavy atoms) | 24 | 3.557 | 6.621 | 97.526 | 1.524 |
| orca [TPSSh/pcSseg-1] | 13C | medium (8-14 heavy atoms) | 22 | 3.801 | 4.132 | 171.518 | 1.531 |
| orca [TPSSh/pcSseg-1] | 13C | large (15+ heavy atoms) | 9 | 3.902 | 4.628 | 181.950 | 2.843 |
| orca [TPSSh/pcSseg-1] | 1H | tiny (1-3 heavy atoms) | 16 | 0.668 | 1.327 | 44.003 | 1.517 |
| orca [TPSSh/pcSseg-1] | 1H | small (4-7 heavy atoms) | 22 | 0.504 | 1.214 | 97.403 | 1.522 |
| orca [TPSSh/pcSseg-1] | 1H | medium (8-14 heavy atoms) | 16 | 0.676 | 1.481 | 151.743 | 1.502 |
| orca [TPSSh/pcSseg-1] | 1H | large (15+ heavy atoms) | 8 | 1.026 | 1.883 | 181.274 | 2.832 |
| orca [r2SCAN/pcSseg-1] | 13C | tiny (1-3 heavy atoms) | 14 | 5.162 | 6.902 | 36.978 | 1.275 |
| orca [r2SCAN/pcSseg-1] | 13C | small (4-7 heavy atoms) | 24 | 4.842 | 7.971 | 74.307 | 1.161 |
| orca [r2SCAN/pcSseg-1] | 13C | medium (8-14 heavy atoms) | 22 | 4.750 | 5.147 | 122.379 | 1.093 |
| orca [r2SCAN/pcSseg-1] | 13C | large (15+ heavy atoms) | 9 | 5.168 | 6.030 | 114.713 | 1.792 |
| orca [r2SCAN/pcSseg-1] | 1H | tiny (1-3 heavy atoms) | 16 | 0.696 | 1.320 | 36.279 | 1.251 |
| orca [r2SCAN/pcSseg-1] | 1H | small (4-7 heavy atoms) | 22 | 0.547 | 1.215 | 73.745 | 1.152 |
| orca [r2SCAN/pcSseg-1] | 1H | medium (8-14 heavy atoms) | 16 | 0.764 | 1.489 | 108.359 | 1.073 |
| orca [r2SCAN/pcSseg-1] | 1H | large (15+ heavy atoms) | 8 | 1.069 | 1.878 | 115.753 | 1.809 |
| orca [wB97X-D3/def2-TZVP] | 13C | tiny (1-3 heavy atoms) | 15 | 5.697 | 7.869 | 65.633 | 2.263 |
| orca [wB97X-D3/def2-TZVP] | 13C | small (4-7 heavy atoms) | 24 | 5.249 | 7.257 | 150.009 | 2.344 |
| orca [wB97X-D3/def2-TZVP] | 13C | medium (8-14 heavy atoms) | 22 | 6.968 | 7.851 | 347.613 | 3.104 |
| orca [wB97X-D3/def2-TZVP] | 13C | large (15+ heavy atoms) | 9 | 6.887 | 7.546 | 457.824 | 7.154 |
| orca [wB97X-D3/def2-TZVP] | 1H | tiny (1-3 heavy atoms) | 17 | 0.686 | 1.361 | 64.736 | 2.232 |
| orca [wB97X-D3/def2-TZVP] | 1H | small (4-7 heavy atoms) | 22 | 0.572 | 1.271 | 149.960 | 2.343 |
| orca [wB97X-D3/def2-TZVP] | 1H | medium (8-14 heavy atoms) | 16 | 0.857 | 1.571 | 307.027 | 3.040 |
| orca [wB97X-D3/def2-TZVP] | 1H | large (15+ heavy atoms) | 8 | 1.096 | 1.965 | 460.640 | 7.198 |
| orca [wB97X-D3/pcSseg-1] | 13C | tiny (1-3 heavy atoms) | 14 | 5.022 | 6.304 | 46.306 | 1.597 |
| orca [wB97X-D3/pcSseg-1] | 13C | small (4-7 heavy atoms) | 24 | 5.202 | 7.300 | 104.698 | 1.636 |
| orca [wB97X-D3/pcSseg-1] | 13C | medium (8-14 heavy atoms) | 22 | 6.724 | 7.868 | 196.463 | 1.754 |
| orca [wB97X-D3/pcSseg-1] | 13C | large (15+ heavy atoms) | 9 | 6.458 | 7.331 | 212.612 | 3.322 |
| orca [wB97X-D3/pcSseg-1] | 1H | tiny (1-3 heavy atoms) | 16 | 0.670 | 1.325 | 44.938 | 1.550 |
| orca [wB97X-D3/pcSseg-1] | 1H | small (4-7 heavy atoms) | 22 | 0.545 | 1.217 | 104.157 | 1.627 |
| orca [wB97X-D3/pcSseg-1] | 1H | medium (8-14 heavy atoms) | 16 | 0.754 | 1.481 | 172.678 | 1.710 |
| orca [wB97X-D3/pcSseg-1] | 1H | large (15+ heavy atoms) | 8 | 1.007 | 1.877 | 216.146 | 3.377 |

## Worst offenders (largest absolute errors)

| Label | Nucleus | Molecule | Group | Ref ppm | Pred ppm | Abs err |
| --- | --- | --- | --- | --- | --- | --- |
| orca [B97-D3/def2-TZVP] | 13C | chloroform | `[CX4H1](Cl)(Cl)Cl` | 77.700 | 112.176 | 34.476 |
| orca [r2SCAN/pcSseg-1] | 13C | chloroform | `[CX4H1](Cl)(Cl)Cl` | 77.700 | 111.452 | 33.752 |
| orca [B3LYP/pcSseg-2] | 13C | chloroform | `[CX4H1](Cl)(Cl)Cl` | 77.700 | 110.957 | 33.257 |
| cdk | 13C | cyclopropane | `[CH2]` | -2.800 | 30.389 | 33.189 |
| cascade | 13C | iodomethane | `[CH3]I` | -20.700 | 11.986 | 32.686 |
| orca [B3LYP/pcSseg-1] | 13C | chloroform | `[CX4H1](Cl)(Cl)Cl` | 77.700 | 109.227 | 31.527 |
| orca [PBE/def2-SVP] | 13C | chloroform | `[CX4H1](Cl)(Cl)Cl` | 77.700 | 108.560 | 30.860 |
| orca [TPSS/def2-SVP] | 13C | chloroform | `[CX4H1](Cl)(Cl)Cl` | 77.700 | 107.283 | 29.583 |
| orca [TPSSh/pcSseg-1] | 13C | chloroform | `[CX4H1](Cl)(Cl)Cl` | 77.700 | 106.530 | 28.830 |
| orca [TPSS/def2-SVP] | 13C | iodomethane | `[CH3]I` | -20.700 | 7.098 | 27.798 |
| orca [B97-D3/def2-TZVP] | 13C | iodomethane | `[CH3]I` | -20.700 | 6.775 | 27.475 |
| orca [PBE0/pcSseg-1] | 13C | chloroform | `[CX4H1](Cl)(Cl)Cl` | 77.700 | 104.996 | 27.296 |
| orca [PBE0/def2-TZVP] | 13C | chloroform | `[CX4H1](Cl)(Cl)Cl` | 77.700 | 104.676 | 26.976 |
| orca [PBE/def2-SVP] | 13C | iodomethane | `[CH3]I` | -20.700 | 5.208 | 25.908 |
| orca [PBE0/def2-TZVP] | 13C | iodomethane | `[CH3]I` | -20.700 | 3.887 | 24.587 |

